Archive member included to satisfy reference by file (symbol)

C:/Program Files (x86)/Arm GNU Toolchain arm-none-eabi/13.2 Rel1/bin/../lib/gcc/arm-none-eabi/13.2.1/thumb/v7e-m+fp/hard\libstdc++_nano.a(atexit_arm.o)
                              ./src/config_thread0_entry.o (__aeabi_atexit)
C:/Program Files (x86)/Arm GNU Toolchain arm-none-eabi/13.2 Rel1/bin/../lib/gcc/arm-none-eabi/13.2.1/thumb/v7e-m+fp/hard\libstdc++_nano.a(class_type_info.o)
                              ./src/UiPAges/AboutPage.o (vtable for __cxxabiv1::__class_type_info)
C:/Program Files (x86)/Arm GNU Toolchain arm-none-eabi/13.2 Rel1/bin/../lib/gcc/arm-none-eabi/13.2.1/thumb/v7e-m+fp/hard\libstdc++_nano.a(del_op.o)
                              ./src/FlashStorage.o (operator delete(void*))
C:/Program Files (x86)/Arm GNU Toolchain arm-none-eabi/13.2 Rel1/bin/../lib/gcc/arm-none-eabi/13.2.1/thumb/v7e-m+fp/hard\libstdc++_nano.a(del_ops.o)
                              C:/Program Files (x86)/Arm GNU Toolchain arm-none-eabi/13.2 Rel1/bin/../lib/gcc/arm-none-eabi/13.2.1/thumb/v7e-m+fp/hard\libstdc++_nano.a(class_type_info.o) (operator delete(void*, unsigned int))
C:/Program Files (x86)/Arm GNU Toolchain arm-none-eabi/13.2 Rel1/bin/../lib/gcc/arm-none-eabi/13.2.1/thumb/v7e-m+fp/hard\libstdc++_nano.a(si_class_type_info.o)
                              ./src/UiPAges/AboutPage.o (vtable for __cxxabiv1::__si_class_type_info)
C:/Program Files (x86)/Arm GNU Toolchain arm-none-eabi/13.2 Rel1/bin/../lib/gcc/arm-none-eabi/13.2.1/thumb/v7e-m+fp/hard\libstdc++_nano.a(tinfo.o)
                              C:/Program Files (x86)/Arm GNU Toolchain arm-none-eabi/13.2 Rel1/bin/../lib/gcc/arm-none-eabi/13.2.1/thumb/v7e-m+fp/hard\libstdc++_nano.a(class_type_info.o) (std::type_info::~type_info())
C:/Program Files (x86)/Arm GNU Toolchain arm-none-eabi/13.2 Rel1/bin/../lib/gcc/arm-none-eabi/13.2.1/thumb/v7e-m+fp/hard\libm.a(libm_a-wf_sqrt.o)
                              ./src/MAX31865.o (sqrtf)
C:/Program Files (x86)/Arm GNU Toolchain arm-none-eabi/13.2 Rel1/bin/../lib/gcc/arm-none-eabi/13.2.1/thumb/v7e-m+fp/hard\libm.a(libm_a-ef_sqrt.o)
                              C:/Program Files (x86)/Arm GNU Toolchain arm-none-eabi/13.2 Rel1/bin/../lib/gcc/arm-none-eabi/13.2.1/thumb/v7e-m+fp/hard\libm.a(libm_a-wf_sqrt.o) (__ieee754_sqrtf)
C:/Program Files (x86)/Arm GNU Toolchain arm-none-eabi/13.2 Rel1/bin/../lib/gcc/arm-none-eabi/13.2.1/thumb/v7e-m+fp/hard\libm.a(libm_a-s_round.o)
                              ./src/TempContol.o (round)
C:/Program Files (x86)/Arm GNU Toolchain arm-none-eabi/13.2 Rel1/bin/../lib/gcc/arm-none-eabi/13.2.1/thumb/v7e-m+fp/hard\libgcc.a(_arm_addsubdf3.o)
                              C:/Program Files (x86)/Arm GNU Toolchain arm-none-eabi/13.2 Rel1/bin/../lib/gcc/arm-none-eabi/13.2.1/thumb/v7e-m+fp/hard\libm.a(libm_a-s_round.o) (__aeabi_dadd)
C:/Program Files (x86)/Arm GNU Toolchain arm-none-eabi/13.2 Rel1/bin/../lib/gcc/arm-none-eabi/13.2.1/thumb/v7e-m+fp/hard\libgcc.a(_arm_fixdfsi.o)
                              ./src/TempContol.o (__aeabi_d2iz)
C:/Program Files (x86)/Arm GNU Toolchain arm-none-eabi/13.2 Rel1/bin/../lib/gcc/arm-none-eabi/13.2.1/thumb/v7e-m+fp/hard\libgcc.a(_aeabi_ldivmod.o)
                              ./ra/fsp/src/r_sci_uart/r_sci_uart.o (__aeabi_ldivmod)
C:/Program Files (x86)/Arm GNU Toolchain arm-none-eabi/13.2 Rel1/bin/../lib/gcc/arm-none-eabi/13.2.1/thumb/v7e-m+fp/hard\libgcc.a(_udivmoddi4.o)
                              C:/Program Files (x86)/Arm GNU Toolchain arm-none-eabi/13.2 Rel1/bin/../lib/gcc/arm-none-eabi/13.2.1/thumb/v7e-m+fp/hard\libgcc.a(_aeabi_ldivmod.o) (__udivmoddi4)
C:/Program Files (x86)/Arm GNU Toolchain arm-none-eabi/13.2 Rel1/bin/../lib/gcc/arm-none-eabi/13.2.1/thumb/v7e-m+fp/hard\libgcc.a(unwind-arm.o)
                              ./src/UiPAges/AboutPage.o (__aeabi_unwind_cpp_pr0)
C:/Program Files (x86)/Arm GNU Toolchain arm-none-eabi/13.2 Rel1/bin/../lib/gcc/arm-none-eabi/13.2.1/thumb/v7e-m+fp/hard\libgcc.a(libunwind.o)
                              C:/Program Files (x86)/Arm GNU Toolchain arm-none-eabi/13.2 Rel1/bin/../lib/gcc/arm-none-eabi/13.2.1/thumb/v7e-m+fp/hard\libgcc.a(unwind-arm.o) (restore_core_regs)
C:/Program Files (x86)/Arm GNU Toolchain arm-none-eabi/13.2 Rel1/bin/../lib/gcc/arm-none-eabi/13.2.1/thumb/v7e-m+fp/hard\libgcc.a(pr-support.o)
                              C:/Program Files (x86)/Arm GNU Toolchain arm-none-eabi/13.2 Rel1/bin/../lib/gcc/arm-none-eabi/13.2.1/thumb/v7e-m+fp/hard\libgcc.a(unwind-arm.o) (__gnu_unwind_execute)
C:/Program Files (x86)/Arm GNU Toolchain arm-none-eabi/13.2 Rel1/bin/../lib/gcc/arm-none-eabi/13.2.1/thumb/v7e-m+fp/hard\libgcc.a(_dvmd_tls.o)
                              C:/Program Files (x86)/Arm GNU Toolchain arm-none-eabi/13.2 Rel1/bin/../lib/gcc/arm-none-eabi/13.2.1/thumb/v7e-m+fp/hard\libgcc.a(_aeabi_ldivmod.o) (__aeabi_ldiv0)
[...]
Memory Configuration

Name             Origin             Length             Attributes
ITCM             0x00000000         0x00000000         xr
DTCM             0x00000000         0x00000000         xrw
FLASH            0x00000000         0x00100000         xr
RAM              0x1ffe0000         0x000a0000         xrw
DATA_FLASH       0x40100000         0x00010000         xr
QSPI_FLASH       0x60000000         0x04000000         xr
OSPI_DEVICE_0    0x80020000         0x00000000         xr
OSPI_DEVICE_1    0x80030000         0x00000000         xr
OSPI_DEVICE_0_RAM 0x80020000         0x00000000         xrw
OSPI_DEVICE_1_RAM 0x80030000         0x00000000         xrw
SDRAM            0x90000000         0x08000000         xrw
OPTION_SETTING   0x00000000         0x00000000         r
OPTION_SETTING_OFS 0x00000000         0x00000018         r
OPTION_SETTING_SAS 0x00000034         0xffffffcc         r
OPTION_SETTING_S 0x80000000         0x00000000         r
ID_CODE          0x0100a150         0x00000010         xr
*default*        0x00000000         0xffffffff

Linker script and memory map

LOAD C:/Program Files (x86)/Arm GNU Toolchain arm-none-eabi/13.2 Rel1/bin/../lib/gcc/arm-none-eabi/13.2.1/thumb/v7e-m+fp/hard/crti.o
LOAD C:/Program Files (x86)/Arm GNU Toolchain arm-none-eabi/13.2 Rel1/bin/../lib/gcc/arm-none-eabi/13.2.1/thumb/v7e-m+fp/hard/crtbegin.o
LOAD C:/Program Files (x86)/Arm GNU Toolchain arm-none-eabi/13.2 Rel1/bin/../lib/gcc/arm-none-eabi/13.2.1/thumb/v7e-m+fp/hard/crt0.o
START GROUP
LOAD ./src/UiPAges/AboutPage.o
LOAD ./src/UiPAges/AlertPage.o
LOAD ./src/UiPAges/BuzzerSettingPage.o
LOAD ./src/UiPAges/CalibrationPage.o
LOAD ./src/UiPAges/ChangePwdPage.o
LOAD ./src/UiPAges/DashBoard.o
LOAD ./src/UiPAges/DateTimeSettingPage.o
LOAD ./src/UiPAges/ExtFireSignalPage.o
LOAD ./src/UiPAges/FactoryResetPage.o
LOAD ./src/UiPAges/FaultHistPage.o
LOAD ./src/UiPAges/GsmSettingsPage.o
LOAD ./src/UiPAges/HeatWarningPage.o
LOAD ./src/UiPAges/MiscSettingsPage.o
LOAD ./src/UiPAges/PasswordPage.o
LOAD ./src/UiPAges/Rs485SettingsPage.o
LOAD ./src/UiPAges/SettingsPage.o
LOAD ./src/UiPAges/SplashPage.o
LOAD ./src/UiPAges/TempSensorFailedPage.o
LOAD ./src/UiPAges/TempSettingsPage.o
LOAD ./src/UiPAges/UnitFailurePage.o
LOAD ./src/UiPAges/UnitSettingPage.o
LOAD ./src/UiPAges/WrongPwdPage.o
LOAD ./src/AlarmManager.o
LOAD ./src/AspDevice.o
LOAD ./src/ConfigManager.o
LOAD ./src/FanControl.o
LOAD ./src/FanSchedular.o
LOAD ./src/FansManager.o
LOAD ./src/FaultCodeDatabase.o
LOAD ./src/FlashStorage.o
LOAD ./src/MAX31865.o
LOAD ./src/ModbusRTUSlave.o
LOAD ./src/TempContol.o
LOAD ./src/TempHysterisis.o
LOAD ./src/UI.o
LOAD ./src/config_thread0_entry.o
LOAD ./src/display_thread_entry.o
LOAD ./src/fan_control_thread_entry.o
LOAD ./src/hal_entry.o
LOAD ./src/modbus_thread_entry.o
LOAD ./src/r_usb_pcdc_descriptor.o
LOAD ./src/ui_task_entry.o
LOAD ./ra_gen/common_data.o
LOAD ./ra_gen/config_thread0.o
LOAD ./ra_gen/display_thread.o
LOAD ./ra_gen/fan_control_thread.o
LOAD ./ra_gen/hal_data.o
LOAD ./ra_gen/main.o
LOAD ./ra_gen/modbus_thread.o
LOAD ./ra_gen/pin_data.o
LOAD ./ra_gen/ui_task.o
LOAD ./ra_gen/vector_data.o
LOAD ./ra/fsp/src/rm_freertos_port/port.o
LOAD ./ra/fsp/src/r_usb_pcdc/src/r_usb_pcdc_driver.o
LOAD ./ra/fsp/src/r_usb_basic/src/hw/r_usb_creg_abs.o
LOAD ./ra/fsp/src/r_usb_basic/src/hw/r_usb_creg_access.o
LOAD ./ra/fsp/src/r_usb_basic/src/hw/r_usb_dma.o
LOAD ./ra/fsp/src/r_usb_basic/src/hw/r_usb_hostelectrical.o
LOAD ./ra/fsp/src/r_usb_basic/src/hw/r_usb_hreg_abs.o
LOAD ./ra/fsp/src/r_usb_basic/src/hw/r_usb_hreg_access.o
LOAD ./ra/fsp/src/r_usb_basic/src/hw/r_usb_mcu.o
LOAD ./ra/fsp/src/r_usb_basic/src/hw/r_usb_preg_abs.o
LOAD ./ra/fsp/src/r_usb_basic/src/hw/r_usb_preg_access.o
LOAD ./ra/fsp/src/r_usb_basic/src/driver/r_usb_cdataio.o
LOAD ./ra/fsp/src/r_usb_basic/src/driver/r_usb_clibusbip.o
LOAD ./ra/fsp/src/r_usb_basic/src/driver/r_usb_cstd_rtos.o
LOAD ./ra/fsp/src/r_usb_basic/src/driver/r_usb_hbc.o
LOAD ./ra/fsp/src/r_usb_basic/src/driver/r_usb_hcontrolrw.o
LOAD ./ra/fsp/src/r_usb_basic/src/driver/r_usb_hdriver.o
LOAD ./ra/fsp/src/r_usb_basic/src/driver/r_usb_hhubsys.o
LOAD ./ra/fsp/src/r_usb_basic/src/driver/r_usb_hintfifo.o
LOAD ./ra/fsp/src/r_usb_basic/src/driver/r_usb_hinthandler_usbip0.o
LOAD ./ra/fsp/src/r_usb_basic/src/driver/r_usb_hinthandler_usbip1.o
LOAD ./ra/fsp/src/r_usb_basic/src/driver/r_usb_hlibusbip.o
LOAD ./ra/fsp/src/r_usb_basic/src/driver/r_usb_hmanager.o
LOAD ./ra/fsp/src/r_usb_basic/src/driver/r_usb_hscheduler.o
LOAD ./ra/fsp/src/r_usb_basic/src/driver/r_usb_hsignal.o
LOAD ./ra/fsp/src/r_usb_basic/src/driver/r_usb_hstdfunction.o
LOAD ./ra/fsp/src/r_usb_basic/src/driver/r_usb_pbc.o
LOAD ./ra/fsp/src/r_usb_basic/src/driver/r_usb_pcontrolrw.o
LOAD ./ra/fsp/src/r_usb_basic/src/driver/r_usb_pdriver.o
LOAD ./ra/fsp/src/r_usb_basic/src/driver/r_usb_pintfifo.o
LOAD ./ra/fsp/src/r_usb_basic/src/driver/r_usb_pinthandler_usbip0.o
LOAD ./ra/fsp/src/r_usb_basic/src/driver/r_usb_plibusbip.o
LOAD ./ra/fsp/src/r_usb_basic/src/driver/r_usb_psignal.o
LOAD ./ra/fsp/src/r_usb_basic/src/driver/r_usb_pstdfunction.o
LOAD ./ra/fsp/src/r_usb_basic/src/driver/r_usb_pstdrequest.o
LOAD ./ra/fsp/src/r_usb_basic/r_usb_basic.o
LOAD ./ra/fsp/src/r_spi/r_spi.o
LOAD ./ra/fsp/src/r_sci_uart/r_sci_uart.o
LOAD ./ra/fsp/src/r_rtc/r_rtc.o
LOAD ./ra/fsp/src/r_ioport/r_ioport.o
LOAD ./ra/fsp/src/r_flash_hp/r_flash_hp.o
LOAD ./ra/fsp/src/bsp/mcu/all/bsp_clocks.o
LOAD ./ra/fsp/src/bsp/mcu/all/bsp_common.o
LOAD ./ra/fsp/src/bsp/mcu/all/bsp_delay.o
LOAD ./ra/fsp/src/bsp/mcu/all/bsp_group_irq.o
LOAD ./ra/fsp/src/bsp/mcu/all/bsp_guard.o
LOAD ./ra/fsp/src/bsp/mcu/all/bsp_io.o
LOAD ./ra/fsp/src/bsp/mcu/all/bsp_irq.o
LOAD ./ra/fsp/src/bsp/mcu/all/bsp_register_protection.o
LOAD ./ra/fsp/src/bsp/mcu/all/bsp_rom_registers.o
LOAD ./ra/fsp/src/bsp/mcu/all/bsp_sbrk.o
LOAD ./ra/fsp/src/bsp/mcu/all/bsp_security.o
LOAD ./ra/fsp/src/bsp/cmsis/Device/RENESAS/Source/startup.o
LOAD ./ra/fsp/src/bsp/cmsis/Device/RENESAS/Source/system.o
LOAD ./ra/aws/FreeRTOS/FreeRTOS/Source/portable/MemMang/heap_4.o
LOAD ./ra/aws/FreeRTOS/FreeRTOS/Source/event_groups.o
LOAD ./ra/aws/FreeRTOS/FreeRTOS/Source/list.o
LOAD ./ra/aws/FreeRTOS/FreeRTOS/Source/queue.o
LOAD ./ra/aws/FreeRTOS/FreeRTOS/Source/stream_buffer.o
LOAD ./ra/aws/FreeRTOS/FreeRTOS/Source/tasks.o
LOAD ./ra/aws/FreeRTOS/FreeRTOS/Source/timers.o
END GROUP
LOAD C:/Program Files (x86)/Arm GNU Toolchain arm-none-eabi/13.2 Rel1/bin/../lib/gcc/arm-none-eabi/13.2.1/thumb/v7e-m+fp/hard\libstdc++_nano.a
LOAD C:/Program Files (x86)/Arm GNU Toolchain arm-none-eabi/13.2 Rel1/bin/../lib/gcc/arm-none-eabi/13.2.1/thumb/v7e-m+fp/hard\libm.a
START GROUP
LOAD C:/Program Files (x86)/Arm GNU Toolchain arm-none-eabi/13.2 Rel1/bin/../lib/gcc/arm-none-eabi/13.2.1/thumb/v7e-m+fp/hard\libgcc.a
LOAD C:/Program Files (x86)/Arm GNU Toolchain arm-none-eabi/13.2 Rel1/bin/../lib/gcc/arm-none-eabi/13.2.1/thumb/v7e-m+fp/hard\libg_nano.a
LOAD C:/Program Files (x86)/Arm GNU Toolchain arm-none-eabi/13.2 Rel1/bin/../lib/gcc/arm-none-eabi/13.2.1/thumb/v7e-m+fp/hard\libc_nano.a
END GROUP
START GROUP
LOAD C:/Program Files (x86)/Arm GNU Toolchain arm-none-eabi/13.2 Rel1/bin/../lib/gcc/arm-none-eabi/13.2.1/thumb/v7e-m+fp/hard\libgcc.a
LOAD C:/Program Files (x86)/Arm GNU Toolchain arm-none-eabi/13.2 Rel1/bin/../lib/gcc/arm-none-eabi/13.2.1/thumb/v7e-m+fp/hard\libc_nano.a
END GROUP
LOAD C:/Program Files (x86)/Arm GNU Toolchain arm-none-eabi/13.2 Rel1/bin/../lib/gcc/arm-none-eabi/13.2.1/thumb/v7e-m+fp/hard/crtend.o
LOAD C:/Program Files (x86)/Arm GNU Toolchain arm-none-eabi/13.2 Rel1/bin/../lib/gcc/arm-none-eabi/13.2.1/thumb/v7e-m+fp/hard/crtn.o
                0x1ffe0000                        RAM_START = 0x1ffe0000
                0x000a0000                        RAM_LENGTH = 0xa0000
                0x00000000                        FLASH_START = 0x0
                0x00100000                        FLASH_LENGTH = 0x100000
                0x40100000                        DATA_FLASH_START = 0x40100000
                0x00010000                        DATA_FLASH_LENGTH = 0x10000
                0x00000000                        OPTION_SETTING_START = 0x0
                0x00000000                        OPTION_SETTING_LENGTH = 0x0
                0x80000000                        OPTION_SETTING_S_START = 0x80000000
                0x00000000                        OPTION_SETTING_S_LENGTH = 0x0
                0x0100a150                        ID_CODE_START = 0x100a150
                0x00000010                        ID_CODE_LENGTH = 0x10
                0x90000000                        SDRAM_START = 0x90000000
                0x08000000                        SDRAM_LENGTH = 0x8000000
                0x60000000                        QSPI_FLASH_START = 0x60000000
                0x04000000                        QSPI_FLASH_LENGTH = 0x4000000
                0x80020000                        OSPI_DEVICE_0_START = 0x80020000
                0x00000000                        OSPI_DEVICE_0_LENGTH = 0x0
                0x80030000                        OSPI_DEVICE_1_START = 0x80030000
                0x00000000                        OSPI_DEVICE_1_LENGTH = 0x0
                0x04000000                        QSPI_FLASH_PRV_LENGTH = DEFINED (QSPI_FLASH_SIZE)?ABSOLUTE (QSPI_FLASH_SIZE):ABSOLUTE (QSPI_FLASH_LENGTH)
                0x00000000                        OSPI_DEVICE_0_PRV_LENGTH = DEFINED (OSPI_DEVICE_0_SIZE)?ABSOLUTE (OSPI_DEVICE_0_SIZE):ABSOLUTE (OSPI_DEVICE_0_LENGTH)
                0x00000000                        OSPI_DEVICE_1_PRV_LENGTH = DEFINED (OSPI_DEVICE_1_SIZE)?ABSOLUTE (OSPI_DEVICE_1_SIZE):ABSOLUTE (OSPI_DEVICE_1_LENGTH)
                0x00000000                        __RESERVE_NS_RAM = ((! (DEFINED (PROJECT_NONSECURE)) && DEFINED (RAM_NS_BUFFER_LENGTH)) && (OPTION_SETTING_S_LENGTH != 0x0))
                0x00000000                        ITCM_START = DEFINED (ITCM_START)?ITCM_START:0x0
                0x00000000                        ITCM_LENGTH = DEFINED (ITCM_LENGTH)?ITCM_LENGTH:0x0
                0x00000000                        DTCM_START = DEFINED (DTCM_START)?DTCM_START:0x0
                0x00000000                        DTCM_LENGTH = DEFINED (DTCM_LENGTH)?DTCM_LENGTH:0x0
                0x00000000                        NS_OFFSET_START = DEFINED (NS_OFFSET_START)?NS_OFFSET_START:0x0
                0x00000000                        NS_IMAGE_OFFSET = DEFINED (PROJECT_NONSECURE)?NS_OFFSET_START:0x0
                0x00000000                        RAM_NS_BUFFER_BLOCK_LENGTH = DEFINED (RAM_NS_BUFFER_LENGTH)?ALIGN (RAM_NS_BUFFER_LENGTH, 0x2000):0x0
                0x00000000                        RAM_NS_BUFFER_LENGTH = DEFINED (RAM_NS_BUFFER_LENGTH)?RAM_NS_BUFFER_LENGTH:0x0
                0x20080000                        RAM_NS_BUFFER_START = ((RAM_START + RAM_LENGTH) - RAM_NS_BUFFER_LENGTH)
                0x20080000                        RAM_NS_BUFFER_BLOCK_START = ((RAM_START + RAM_LENGTH) - RAM_NS_BUFFER_BLOCK_LENGTH)
                0x00000080                        OPTION_SETTING_START_NS = DEFINED (PROJECT_NONSECURE)?OPTION_SETTING_START:(OPTION_SETTING_START + 0x80)
                0x00000001                        __bl_FSP_BOOTABLE_IMAGE = 0x1
                0x00000001                        __bln_FSP_BOOTABLE_IMAGE = 0x1
                0x00000000                        PROJECT_SECURE_OR_FLAT = (((! (DEFINED (PROJECT_NONSECURE)) || DEFINED (PROJECT_SECURE)) && OPTION_SETTING_LENGTH) && ! (DEFINED (FSP_BOOTABLE_IMAGE)))
                0x00000000                        USE_OPTION_SETTING_NS = (DEFINED (PROJECT_NONSECURE) && ! (DEFINED (FSP_BOOTABLE_IMAGE)))
                0x00000000                        __bl_FLASH_IMAGE_START = ! (DEFINED (FLASH_BOOTLOADER_LENGTH))?0x0:(FLASH_APPLICATION_IMAGE_NUMBER == 0x1)?(FLASH_BOOTLOADER_LENGTH + FLASH_BOOTLOADER_HEADER_LENGTH):(((FLASH_BOOTLOADER_LENGTH + FLASH_BOOTLOADER_SCRATCH_LENGTH) + FLASH_APPLICATION_S_LENGTH) + FLASH_BOOTLOADER_HEADER_LENGTH)
                0x00000000                        __bl_FLASH_IMAGE_LENGTH = ! (DEFINED (FLASH_BOOTLOADER_LENGTH))?0x0:(FLASH_APPLICATION_S_LENGTH - FLASH_BOOTLOADER_HEADER_LENGTH)
                0x00000000                        __bl_FLASH_IMAGE_END = (__bl_FLASH_IMAGE_START + __bl_FLASH_IMAGE_LENGTH)
                0x00000000                        __bl_XIP_SECONDARY_FLASH_IMAGE_START = ! (DEFINED (FLASH_BOOTLOADER_LENGTH))?0x0:((FLASH_BOOTLOADER_LENGTH + FLASH_APPLICATION_S_LENGTH) + FLASH_BOOTLOADER_HEADER_LENGTH)
                0x00000000                        __bl_XIP_SECONDARY_FLASH_IMAGE_END = (__bl_XIP_SECONDARY_FLASH_IMAGE_START + __bl_FLASH_IMAGE_LENGTH)
                0x00000000                        __bl_FLASH_NS_START = ! (DEFINED (FLASH_BOOTLOADER_LENGTH))?0x0:(FLASH_APPLICATION_NS_LENGTH == 0x0)?__bl_FLASH_IMAGE_END:((__bl_FLASH_IMAGE_START - FLASH_BOOTLOADER_HEADER_LENGTH) + FLASH_APPLICATION_S_LENGTH)
                0x00000000                        __bl_FLASH_NSC_START = ! (DEFINED (FLASH_BOOTLOADER_LENGTH))?0x0:(FLASH_APPLICATION_NS_LENGTH == 0x0)?__bl_FLASH_IMAGE_END:(__bl_FLASH_NS_START - FLASH_APPLICATION_NSC_LENGTH)
                0x00000000                        __bl_RAM_NS_START = ! (DEFINED (FLASH_BOOTLOADER_LENGTH))?0x0:(FLASH_APPLICATION_NS_LENGTH == 0x0)?(RAM_START + RAM_LENGTH):((RAM_START + RAM_LENGTH) - RAM_APPLICATION_NS_LENGTH)
                0x00000000                        __bl_RAM_NSC_START = ! (DEFINED (FLASH_BOOTLOADER_LENGTH))?0x0:(FLASH_APPLICATION_NS_LENGTH == 0x0)?(RAM_START + RAM_LENGTH):(__bl_RAM_NS_START - RAM_APPLICATION_NSC_LENGTH)
                0x00000000                        __bl_FLASH_NS_IMAGE_START = ! (DEFINED (FLASH_BOOTLOADER_LENGTH))?0x0:(FLASH_APPLICATION_NS_LENGTH == 0x0)?__bl_FLASH_IMAGE_END:(__bl_FLASH_NS_START + FLASH_BOOTLOADER_HEADER_LENGTH_2)
                0x00000000                        __bln_FLASH_IMAGE_START = __bl_FLASH_NS_IMAGE_START
                0x00000000                        __bln_FLASH_IMAGE_LENGTH = ! (DEFINED (FLASH_BOOTLOADER_LENGTH))?0x0:(FLASH_APPLICATION_NS_LENGTH == 0x0)?__bl_FLASH_IMAGE_END:(FLASH_APPLICATION_NS_LENGTH - FLASH_BOOTLOADER_HEADER_LENGTH_2)
                0x00000000                        XIP_SECONDARY_SLOT_IMAGE = DEFINED (XIP_SECONDARY_SLOT_IMAGE)?XIP_SECONDARY_SLOT_IMAGE:0x0
                0x00000000                        FLASH_ORIGIN = ! (DEFINED (FLASH_IMAGE_START))?FLASH_START:(XIP_SECONDARY_SLOT_IMAGE == 0x1)?XIP_SECONDARY_FLASH_IMAGE_START:FLASH_IMAGE_START
                0x00100000                        LIMITED_FLASH_LENGTH = DEFINED (FLASH_IMAGE_LENGTH)?FLASH_IMAGE_LENGTH:DEFINED (FLASH_BOOTLOADER_LENGTH)?FLASH_BOOTLOADER_LENGTH:FLASH_LENGTH
START GROUP
LOAD C:/Program Files (x86)/Arm GNU Toolchain arm-none-eabi/13.2 Rel1/bin/../lib/gcc/arm-none-eabi/13.2.1/thumb/v7e-m+fp/hard\libgcc.a
LOAD C:/Program Files (x86)/Arm GNU Toolchain arm-none-eabi/13.2 Rel1/bin/../lib/gcc/arm-none-eabi/13.2.1/thumb/v7e-m+fp/hard\libc.a
LOAD C:/Program Files (x86)/Arm GNU Toolchain arm-none-eabi/13.2 Rel1/bin/../lib/gcc/arm-none-eabi/13.2.1/thumb/v7e-m+fp/hard\libm.a
LOAD C:/Program Files (x86)/Arm GNU Toolchain arm-none-eabi/13.2 Rel1/bin/../lib/gcc/arm-none-eabi/13.2.1/thumb/v7e-m+fp/hard\libnosys.a
END GROUP

.itcm_data      0x00000000        0x0
                0x00000000                        __tz_ITCM_S = ABSOLUTE (ITCM_START)
                0x00000000                        __itcm_data_start__ = .
 *(.itcm_data*)
                0x00000000                        __itcm_data_end__ = .
                0x00000000                        __tz_ITCM_N = DEFINED (ITCM_NS_START)?ABSOLUTE (ITCM_NS_START):ALIGN (__itcm_data_end__, 0x2000)

.text           0x00000000    0x11168
                0x00000000                        __tz_FLASH_S = ABSOLUTE (FLASH_START)
                0x00000000                        __ROM_Start = .
 *(.fixed_vectors*)
 .fixed_vectors
                0x00000000       0x40 ./ra/fsp/src/bsp/cmsis/Device/RENESAS/Source/startup.o
                0x00000000                __Vectors
 *(.application_vectors*)
 .application_vectors
                0x00000040      0x180 ./ra_gen/vector_data.o
                0x00000040                g_vector_table
                0x000001c0                        __Vectors_End = .
                0x00000400                        . = (OPTION_SETTING_LENGTH > 0x0)?.:(__ROM_Start + 0x400)
 *fill*         0x000001c0      0x240 ff
 *(.rom_registers*)
 .rom_registers
                0x00000400       0x3c ./ra/fsp/src/bsp/mcu/all/bsp_rom_registers.o
                0x00000500                        . = (OPTION_SETTING_LENGTH > 0x0)?.:(__ROM_Start + 0x500)
 *fill*         0x0000043c       0xc4 ff
                0x00000500                        . = ALIGN (0x80)
 *(.mcuboot_sce9_key*)
 *(.text*)
 .text.deregister_tm_clones
                0x00000500       0x1c C:/Program Files (x86)/Arm GNU Toolchain arm-none-eabi/13.2 Rel1/bin/../lib/gcc/arm-none-eabi/13.2.1/thumb/v7e-m+fp/hard/crtbegin.o
 .text.register_tm_clones
                0x0000051c       0x24 C:/Program Files (x86)/Arm GNU Toolchain arm-none-eabi/13.2 Rel1/bin/../lib/gcc/arm-none-eabi/13.2.1/thumb/v7e-m+fp/hard/crtbegin.o
 .text.__do_global_dtors_aux
                0x00000540       0x28 C:/Program Files (x86)/Arm GNU Toolchain arm-none-eabi/13.2 Rel1/bin/../lib/gcc/arm-none-eabi/13.2.1/thumb/v7e-m+fp/hard/crtbegin.o
 .text.frame_dummy
                0x00000568       0x24 C:/Program Files (x86)/Arm GNU Toolchain arm-none-eabi/13.2 Rel1/bin/../lib/gcc/arm-none-eabi/13.2.1/thumb/v7e-m+fp/hard/crtbegin.o
 .text._ZN9AboutPage20PageReadEventHandlerEP12DisplayMsg_t
                0x0000058c        0x4 ./src/UiPAges/AboutPage.o
                0x0000058c                AboutPage::PageReadEventHandler(DisplayMsg_t*)
 .text._ZN9AboutPage24PageReadEventHandlerTickEv
                0x00000590        0x4 ./src/UiPAges/AboutPage.o
                0x00000590                AboutPage::PageReadEventHandlerTick()
 .text._ZN9AboutPage8PageInitEv
                0x00000594       0x20 ./src/UiPAges/AboutPage.o
                0x00000594                AboutPage::PageInit()
 .text._ZN9AboutPage26PageWriteAckedEventHandlerEv
                0x000005b4       0x88 ./src/UiPAges/AboutPage.o
                0x000005b4                AboutPage::PageWriteAckedEventHandler()
 .text._ZN9AlertPage8PageInitEv
                0x0000063c       0x20 ./src/UiPAges/AlertPage.o
                0x0000063c                AlertPage::PageInit()
 .text._ZN9AlertPage26PageWriteAckedEventHandlerEv
                0x0000065c       0xd4 ./src/UiPAges/AlertPage.o
                0x0000065c                AlertPage::PageWriteAckedEventHandler()
 .text._ZN9AlertPage24PageReadEventHandlerTickEv
                0x00000730       0x44 ./src/UiPAges/AlertPage.o
                0x00000730                AlertPage::PageReadEventHandlerTick()
 .text._ZN9AlertPage20PageReadEventHandlerEP12DisplayMsg_t
                0x00000774       0x28 ./src/UiPAges/AlertPage.o
                0x00000774                AlertPage::PageReadEventHandler(DisplayMsg_t*)
 .text._ZN9AlertPage10ClearAlertEv
                0x0000079c        0xc ./src/UiPAges/AlertPage.o
                0x0000079c                AlertPage::ClearAlert()
 .text._ZN9AlertPage9ShowAlertE7Alert_e
                0x000007a8       0x24 ./src/UiPAges/AlertPage.o
                0x000007a8                AlertPage::ShowAlert(Alert_e)
 .text._ZN17BuzzerSettingPage24PageReadEventHandlerTickEv
                0x000007cc        0x4 ./src/UiPAges/BuzzerSettingPage.o
                0x000007cc                BuzzerSettingPage::PageReadEventHandlerTick()
 .text._ZN17BuzzerSettingPage8PageInitEv
                0x000007d0       0x20 ./src/UiPAges/BuzzerSettingPage.o
                0x000007d0                BuzzerSettingPage::PageInit()
 .text._ZN17BuzzerSettingPage26PageWriteAckedEventHandlerEv
                0x000007f0       0x2c ./src/UiPAges/BuzzerSettingPage.o
                0x000007f0                BuzzerSettingPage::PageWriteAckedEventHandler()
 .text._ZN17BuzzerSettingPage20PageReadEventHandlerEP12DisplayMsg_t
                0x0000081c       0x40 ./src/UiPAges/BuzzerSettingPage.o
                0x0000081c                BuzzerSettingPage::PageReadEventHandler(DisplayMsg_t*)
 .text._ZN15CalibrationPage24PageReadEventHandlerTickEv
                0x0000085c        0x4 ./src/UiPAges/CalibrationPage.o
                0x0000085c                CalibrationPage::PageWriteAckedEventHandler()
                0x0000085c                CalibrationPage::PageReadEventHandlerTick()
 .text._ZN15CalibrationPage8PageInitEv
                0x00000860       0x18 ./src/UiPAges/CalibrationPage.o
                0x00000860                CalibrationPage::PageInit()
 .text._ZN15CalibrationPage20PageReadEventHandlerEP12DisplayMsg_t
                0x00000878       0xa0 ./src/UiPAges/CalibrationPage.o
                0x00000878                CalibrationPage::PageReadEventHandler(DisplayMsg_t*)
 .text._ZN13ChangePwdPage8PageInitEv
                0x00000918       0x20 ./src/UiPAges/ChangePwdPage.o
                0x00000918                ChangePwdPage::PageInit()
 .text._ZN13ChangePwdPage26PageWriteAckedEventHandlerEv
                0x00000938       0x60 ./src/UiPAges/ChangePwdPage.o
                0x00000938                ChangePwdPage::PageWriteAckedEventHandler()
 .text._ZN13ChangePwdPage24PageReadEventHandlerTickEv
                0x00000998       0x24 ./src/UiPAges/ChangePwdPage.o
                0x00000998                ChangePwdPage::PageReadEventHandlerTick()
 .text._ZN13ChangePwdPage20PageReadEventHandlerEP12DisplayMsg_t
                0x000009bc       0xb4 ./src/UiPAges/ChangePwdPage.o
                0x000009bc                ChangePwdPage::PageReadEventHandler(DisplayMsg_t*)
 .text._ZN9DashBoard20PageReadEventHandlerEP12DisplayMsg_t
                0x00000a70        0x4 ./src/UiPAges/DashBoard.o
                0x00000a70                DashBoard::PageReadEventHandler(DisplayMsg_t*)
 .text._ZL21UpdateDashBoardStatusv
                0x00000a74       0xd0 ./src/UiPAges/DashBoard.o
 .text._ZN9DashBoard8PageInitEv
                0x00000b44       0x1c ./src/UiPAges/DashBoard.o
                0x00000b44                DashBoard::PageInit()
 .text._ZN9DashBoard24PageReadEventHandlerTickEv
                0x00000b60       0x2c ./src/UiPAges/DashBoard.o
                0x00000b60                DashBoard::PageReadEventHandlerTick()
 .text._ZN9DashBoard26PageWriteAckedEventHandlerEv
                0x00000b8c      0x114 ./src/UiPAges/DashBoard.o
                0x00000b8c                DashBoard::PageWriteAckedEventHandler()
 .text._ZN19DateTimeSettingPage24PageReadEventHandlerTickEv
                0x00000ca0        0x4 ./src/UiPAges/DateTimeSettingPage.o
                0x00000ca0                DateTimeSettingPage::PageReadEventHandlerTick()
 .text._ZN19DateTimeSettingPage8PageInitEv
                0x00000ca4       0x2c ./src/UiPAges/DateTimeSettingPage.o
                0x00000ca4                DateTimeSettingPage::PageInit()
 .text._ZN19DateTimeSettingPage26PageWriteAckedEventHandlerEv
                0x00000cd0       0x94 ./src/UiPAges/DateTimeSettingPage.o
                0x00000cd0                DateTimeSettingPage::PageWriteAckedEventHandler()
 .text._ZN19DateTimeSettingPage20PageReadEventHandlerEP12DisplayMsg_t
                0x00000d64       0x98 ./src/UiPAges/DateTimeSettingPage.o
                0x00000d64                DateTimeSettingPage::PageReadEventHandler(DisplayMsg_t*)
 .text._ZN16FactoryResetPage8PageInitEv
                0x00000dfc        0x4 ./src/UiPAges/FactoryResetPage.o
                0x00000dfc                FactoryResetPage::PageWriteAckedEventHandler()
                0x00000dfc                FactoryResetPage::PageReadEventHandlerTick()
                0x00000dfc                FactoryResetPage::PageInit()
 .text._ZN16FactoryResetPage20PageReadEventHandlerEP12DisplayMsg_t
                0x00000e00       0x44 ./src/UiPAges/FactoryResetPage.o
                0x00000e00                FactoryResetPage::PageReadEventHandler(DisplayMsg_t*)
 .text._ZN13FaultHistPage24PageReadEventHandlerTickEv
                0x00000e44        0x4 ./src/UiPAges/FaultHistPage.o
                0x00000e44                FaultHistPage::PageReadEventHandlerTick()
 .text._ZN13FaultHistPage8PageInitEv
                0x00000e48       0x1c ./src/UiPAges/FaultHistPage.o
                0x00000e48                FaultHistPage::PageInit()
 .text._ZL20GetSecondFieldStringv
                0x00000e64       0x74 ./src/UiPAges/FaultHistPage.o
 .text._ZN13FaultHistPage26PageWriteAckedEventHandlerEv
                0x00000ed8      0x104 ./src/UiPAges/FaultHistPage.o
                0x00000ed8                FaultHistPage::PageWriteAckedEventHandler()
 .text._ZN13FaultHistPage20PageReadEventHandlerEP12DisplayMsg_t
                0x00000fdc       0x38 ./src/UiPAges/FaultHistPage.o
                0x00000fdc                FaultHistPage::PageReadEventHandler(DisplayMsg_t*)
 .text._ZN15GsmSettingsPage8PageInitEv
                0x00001014        0x4 ./src/UiPAges/GsmSettingsPage.o
                0x00001014                GsmSettingsPage::PageWriteAckedEventHandler()
                0x00001014                GsmSettingsPage::PageReadEventHandlerTick()
                0x00001014                GsmSettingsPage::PageInit()
 .text._ZN15GsmSettingsPage20PageReadEventHandlerEP12DisplayMsg_t
                0x00001018        0x4 ./src/UiPAges/GsmSettingsPage.o
                0x00001018                GsmSettingsPage::PageReadEventHandler(DisplayMsg_t*)
 .text._ZN16MiscSettingsPage24PageReadEventHandlerTickEv
                0x0000101c        0x4 ./src/UiPAges/MiscSettingsPage.o
                0x0000101c                MiscSettingsPage::PageReadEventHandlerTick()
 .text._ZN16MiscSettingsPage20PageReadEventHandlerEP12DisplayMsg_t
                0x00001020       0x4c ./src/UiPAges/MiscSettingsPage.o
                0x00001020                MiscSettingsPage::PageReadEventHandler(DisplayMsg_t*)
 .text._ZN16MiscSettingsPage26PageWriteAckedEventHandlerEv
                0x0000106c       0x38 ./src/UiPAges/MiscSettingsPage.o
                0x0000106c                MiscSettingsPage::PageWriteAckedEventHandler()
 .text._ZN16MiscSettingsPage8PageInitEv
                0x000010a4       0x7c ./src/UiPAges/MiscSettingsPage.o
                0x000010a4                MiscSettingsPage::PageInit()
 .text._Z17get_offset_stringv
                0x00001120       0x68 ./src/UiPAges/MiscSettingsPage.o
                0x00001120                get_offset_string()
 .text._ZN12PasswordPage24PageReadEventHandlerTickEv
                0x00001188        0x4 ./src/UiPAges/PasswordPage.o
                0x00001188                PasswordPage::PageWriteAckedEventHandler()
                0x00001188                PasswordPage::PageReadEventHandlerTick()
 .text._ZN12PasswordPage8PageInitEv
                0x0000118c        0xc ./src/UiPAges/PasswordPage.o
                0x0000118c                PasswordPage::PageInit()
 .text._ZN12PasswordPage20PageReadEventHandlerEP12DisplayMsg_t
                0x00001198       0x44 ./src/UiPAges/PasswordPage.o
                0x00001198                PasswordPage::PageReadEventHandler(DisplayMsg_t*)
 .text._ZN17Rs485SettingsPage24PageReadEventHandlerTickEv
                0x000011dc        0x4 ./src/UiPAges/Rs485SettingsPage.o
                0x000011dc                Rs485SettingsPage::PageReadEventHandlerTick()
 .text._ZN17Rs485SettingsPage8PageInitEv
                0x000011e0       0xa0 ./src/UiPAges/Rs485SettingsPage.o
                0x000011e0                Rs485SettingsPage::PageInit()
 .text._ZN17Rs485SettingsPage20PageReadEventHandlerEP12DisplayMsg_t
                0x00001280       0xa0 ./src/UiPAges/Rs485SettingsPage.o
                0x00001280                Rs485SettingsPage::PageReadEventHandler(DisplayMsg_t*)
 .text._ZN17Rs485SettingsPage26PageWriteAckedEventHandlerEv
                0x00001320       0x6c ./src/UiPAges/Rs485SettingsPage.o
                0x00001320                Rs485SettingsPage::PageWriteAckedEventHandler()
 .text._ZN12SettingsPage8PageInitEv
                0x0000138c        0x4 ./src/UiPAges/SettingsPage.o
                0x0000138c                SettingsPage::PageWriteAckedEventHandler()
                0x0000138c                SettingsPage::PageReadEventHandlerTick()
                0x0000138c                SettingsPage::PageInit()
 .text._ZN12SettingsPage20PageReadEventHandlerEP12DisplayMsg_t
                0x00001390       0x3c ./src/UiPAges/SettingsPage.o
                0x00001390                SettingsPage::PageReadEventHandler(DisplayMsg_t*)
 .text._ZN10SplashPage8PageInitEv
                0x000013cc        0xc ./src/UiPAges/SplashPage.o
                0x000013cc                SplashPage::PageInit()
 .text._ZN10SplashPage20PageReadEventHandlerEP12DisplayMsg_t
                0x000013d8        0x4 ./src/UiPAges/SplashPage.o
                0x000013d8                SplashPage::PageReadEventHandler(DisplayMsg_t*)
 .text._ZN10SplashPage26PageWriteAckedEventHandlerEv
                0x000013dc        0x4 ./src/UiPAges/SplashPage.o
                0x000013dc                SplashPage::PageWriteAckedEventHandler()
 .text._ZN10SplashPage24PageReadEventHandlerTickEv
                0x000013e0       0x1c ./src/UiPAges/SplashPage.o
                0x000013e0                SplashPage::PageReadEventHandlerTick()
 .text._ZN16TempSettingsPage24PageReadEventHandlerTickEv
                0x000013fc        0x4 ./src/UiPAges/TempSettingsPage.o
                0x000013fc                TempSettingsPage::PageReadEventHandlerTick()
 .text._ZN16TempSettingsPage20PageReadEventHandlerEP12DisplayMsg_t
                0x00001400       0x7c ./src/UiPAges/TempSettingsPage.o
                0x00001400                TempSettingsPage::PageReadEventHandler(DisplayMsg_t*)
 .text._ZN16TempSettingsPage8PageInitEv
                0x0000147c       0x40 ./src/UiPAges/TempSettingsPage.o
                0x0000147c                TempSettingsPage::PageInit()
 .text._ZN16TempSettingsPage26PageWriteAckedEventHandlerEv
                0x000014bc      0x108 ./src/UiPAges/TempSettingsPage.o
                0x000014bc                TempSettingsPage::PageWriteAckedEventHandler()
 .text._ZN15UnitSettingPage24PageReadEventHandlerTickEv
                0x000015c4        0x4 ./src/UiPAges/UnitSettingPage.o
                0x000015c4                UnitSettingPage::PageReadEventHandlerTick()
 .text._ZN15UnitSettingPage26PageWriteAckedEventHandlerEv
                0x000015c8       0xf8 ./src/UiPAges/UnitSettingPage.o
                0x000015c8                UnitSettingPage::PageWriteAckedEventHandler()
 .text._ZN15UnitSettingPage8PageInitEv
                0x000016c0       0x30 ./src/UiPAges/UnitSettingPage.o
                0x000016c0                UnitSettingPage::PageInit()
 .text._ZN15UnitSettingPage20PageReadEventHandlerEP12DisplayMsg_t
                0x000016f0       0xf8 ./src/UiPAges/UnitSettingPage.o
                0x000016f0                UnitSettingPage::PageReadEventHandler(DisplayMsg_t*)
 .text._ZN12WrongPwdPage20PageReadEventHandlerEP12DisplayMsg_t
                0x000017e8        0x4 ./src/UiPAges/WrongPwdPage.o
                0x000017e8                WrongPwdPage::PageReadEventHandler(DisplayMsg_t*)
 .text._ZN12WrongPwdPage24PageReadEventHandlerTickEv
                0x000017ec       0x10 ./src/UiPAges/WrongPwdPage.o
                0x000017ec                WrongPwdPage::PageReadEventHandlerTick()
 .text._ZN12WrongPwdPage26PageWriteAckedEventHandlerEv
                0x000017fc        0x4 ./src/UiPAges/WrongPwdPage.o
                0x000017fc                WrongPwdPage::PageWriteAckedEventHandler()
 .text._ZN12WrongPwdPage8PageInitEv
                0x00001800       0x20 ./src/UiPAges/WrongPwdPage.o
                0x00001800                WrongPwdPage::PageInit()
 .text._ZL15ShowAlarmScreen12AlarmPopUp_e
                0x00001820       0x6c ./src/AlarmManager.o
 .text._Z13BuzzTheBuzzerv
                0x0000188c       0x54 ./src/AlarmManager.o
                0x0000188c                BuzzTheBuzzer()
 .text._Z10MuteBuzzerv
                0x000018e0       0x1c ./src/AlarmManager.o
                0x000018e0                MuteBuzzer()
 .text._Z15AlarmManagernitv
                0x000018fc       0x1c ./src/AlarmManager.o
                0x000018fc                AlarmManagernit()
 .text._Z14IsInAlarmStatev
                0x00001918       0x14 ./src/AlarmManager.o
                0x00001918                IsInAlarmState()
 .text._Z29RunAlarmMaganagerStateMachinev
                0x0000192c      0x188 ./src/AlarmManager.o
                0x0000192c                RunAlarmMaganagerStateMachine()
 .text._ZN9AspDevice12GetCoilCountEv
                0x00001ab4        0x4 ./src/AspDevice.o
                0x00001ab4                AspDevice::GetInputRegisterCountCount()
                0x00001ab4                AspDevice::GetCoilCount()
                0x00001ab4                AspDevice::GetDescreteInputCount()
 .text._ZN9AspDevice23GetHoldingRegisterCountEv
                0x00001ab8        0x8 ./src/AspDevice.o
                0x00001ab8                AspDevice::GetHoldingRegisterCount()
 .text._ZN9AspDevice12GetCoilValueEt
                0x00001ac0        0x4 ./src/AspDevice.o
                0x00001ac0                AspDevice::GetDescreteInputValue(unsigned short)
                0x00001ac0                AspDevice::IsValidInputRegisterAddress(unsigned short)
                0x00001ac0                AspDevice::GetCoilValue(unsigned short)
 .text._ZN9AspDevice29IsValidHoldingRegisterAddressEt
                0x00001ac4        0x4 ./src/AspDevice.o
                0x00001ac4                AspDevice::IsValidHoldingRegisterAddress(unsigned short)
 .text._ZN9AspDevice21GetInputRegisterValueEt
                0x00001ac8        0x4 ./src/AspDevice.o
                0x00001ac8                AspDevice::GetInputRegisterValue(unsigned short)
 .text._ZN9AspDevice12SetCoilValueEtb
                0x00001acc        0x4 ./src/AspDevice.o
                0x00001acc                AspDevice::SetCoilValue(unsigned short, bool)
 .text._ZN9AspDevice23GetHoldingRegisterValueEt
                0x00001ad0      0x164 ./src/AspDevice.o
                0x00001ad0                AspDevice::GetHoldingRegisterValue(unsigned short)
 .text._ZN9AspDevice18SetHoldingRegisterEtt
                0x00001c34       0xa0 ./src/AspDevice.o
                0x00001c34                AspDevice::SetHoldingRegister(unsigned short, unsigned short)
 .text._ZN9AspDeviceC2Ev
                0x00001cd4        0xc ./src/AspDevice.o
                0x00001cd4                AspDevice::AspDevice()
                0x00001cd4                AspDevice::AspDevice()
 .text._Z24ConfigSetToFactoryValuesv
                0x00001ce0       0xb0 ./src/ConfigManager.o
                0x00001ce0                ConfigSetToFactoryValues()
 .text._Z21ConfigMgrWriteMfgDatav
                0x00001d90        0x4 ./src/ConfigManager.o
                0x00001d90                ConfigMgrWriteMfgData()
 .text._Z14ConfigMgrWritev
                0x00001d94       0x2c ./src/ConfigManager.o
                0x00001d94                ConfigMgrWrite()
 .text._Z20ConfigMgrReadMfgDatav
                0x00001dc0       0x44 ./src/ConfigManager.o
                0x00001dc0                ConfigMgrReadMfgData()
 .text._Z13ConfigMgrInitv
                0x00001e04       0x70 ./src/ConfigManager.o
                0x00001e04                ConfigMgrInit()
 .text._ZN3FanC2Ei19e_bsp_io_port_pin_tS0_S0_S0_
                0x00001e74       0x38 ./src/FanControl.o
                0x00001e74                Fan::Fan(int, e_bsp_io_port_pin_t, e_bsp_io_port_pin_t, e_bsp_io_port_pin_t, e_bsp_io_port_pin_t)
                0x00001e74                Fan::Fan(int, e_bsp_io_port_pin_t, e_bsp_io_port_pin_t, e_bsp_io_port_pin_t, e_bsp_io_port_pin_t)
 .text._ZN3Fan4InitEv
                0x00001eac       0x2c ./src/FanControl.o
                0x00001eac                Fan::Init()
 .text._ZN3Fan11GetFanStateEv
                0x00001ed8       0x14 ./src/FanControl.o
                0x00001ed8                Fan::GetFanState()
 .text._ZN3Fan11SetFanValueE10FanValue_e
                0x00001eec       0x44 ./src/FanControl.o
                0x00001eec                Fan::SetFanValue(FanValue_e)
 .text._ZN3Fan12IsFanInFaultEv
                0x00001f30       0x50 ./src/FanControl.o
                0x00001f30                Fan::IsFanInFault()
 .text._ZN3Fan13CheckFanFaultEv
                0x00001f80       0xa0 ./src/FanControl.o
                0x00001f80                Fan::CheckFanFault()
 .text._ZN3Fan12ClearFaultSMEv
                0x00002020       0xb8 ./src/FanControl.o
                0x00002020                Fan::ClearFaultSM()
 .text._ZN3Fan8RunFanSMEv
                0x000020d8      0x10c ./src/FanControl.o
                0x000020d8                Fan::RunFanSM()
 .text._Z22IsFanScheduledToRunNowi
                0x000021e4       0xa0 ./src/FanSchedular.o
                0x000021e4                IsFanScheduledToRunNow(int)
 .text._ZL21SetAllScheduledFansOnv
                0x00002284       0x60 ./src/FansManager.o
 .text._ZL16SetOnlyPrimaryOnv
                0x000022e4       0xa4 ./src/FansManager.o
 .text._Z14FanManagerInitv
                0x00002388       0x34 ./src/FansManager.o
                0x00002388                FanManagerInit()
 .text._Z11RunAllFanSMv
                0x000023bc      0x130 ./src/FansManager.o
                0x000023bc                RunAllFanSM()
 .text.startup._GLOBAL__sub_I_fan_requests
                0x000024ec       0x78 ./src/FansManager.o
 .text._Z13GetFirstEntryh
                0x00002564       0x68 ./src/FaultCodeDatabase.o
                0x00002564                GetFirstEntry(unsigned char)
 .text._Z12GetNextEntryv
                0x000025cc       0x44 ./src/FaultCodeDatabase.o
                0x000025cc                GetNextEntry()
 .text._Z18AddAlarmToDataBase12AlarmPopUp_e
                0x00002610       0xc4 ./src/FaultCodeDatabase.o
                0x00002610                AddAlarmToDataBase(AlarmPopUp_e)
 .text._Z18EraseFaultDataBasev
                0x000026d4       0x38 ./src/FaultCodeDatabase.o
                0x000026d4                EraseFaultDataBase()
 .text._Z17InitAlarmDataBasev
                0x0000270c       0x3c ./src/FaultCodeDatabase.o
                0x0000270c                InitAlarmDataBase()
 .text._ZN12FlashStorageD2Ev
                0x00002748        0x4 ./src/FlashStorage.o
                0x00002748                FlashStorage::~FlashStorage()
                0x00002748                FlashStorage::~FlashStorage()
 .text._ZN12FlashStorage15ReadFactoryDataEPht
                0x0000274c       0x18 ./src/FlashStorage.o
                0x0000274c                FlashStorage::ReadFactoryData(unsigned char*, unsigned short)
 .text._ZN12FlashStorage12ReadUserDataEPht
                0x00002764       0x18 ./src/FlashStorage.o
                0x00002764                FlashStorage::ReadUserData(unsigned char*, unsigned short)
 .text._ZN12FlashStorage17ReadFaultDatabaseEPht
                0x0000277c       0x18 ./src/FlashStorage.o
                0x0000277c                FlashStorage::ReadFaultDatabase(unsigned char*, unsigned short)
 .text._ZN12FlashStorageD0Ev
                0x00002794        0xc ./src/FlashStorage.o
                0x00002794                FlashStorage::~FlashStorage()
 .text._ZN12FlashStorage18WriteFaultDatabaseEPht
                0x000027a0       0x3c ./src/FlashStorage.o
                0x000027a0                FlashStorage::WriteFaultDatabase(unsigned char*, unsigned short)
 .text._ZN12FlashStorage16WriteFactoryDataEPht
                0x000027dc       0x3c ./src/FlashStorage.o
                0x000027dc                FlashStorage::WriteFactoryData(unsigned char*, unsigned short)
 .text._ZN12FlashStorage13WriteUserDataEPht
                0x00002818       0x3c ./src/FlashStorage.o
                0x00002818                FlashStorage::WriteUserData(unsigned char*, unsigned short)
 .text.Max31865_readRegisterN
                0x00002854       0x8c ./src/MAX31865.o
 .text.Max31865_writeRegister8.constprop.0
                0x000028e0       0x74 ./src/MAX31865.o
 .text.Max31865_init
                0x00002954       0xcc ./src/MAX31865.o
                0x00002954                Max31865_init
 .text.Max31865_readTempC
                0x00002a20      0x1b4 ./src/MAX31865.o
                0x00002a20                Max31865_readTempC
 .text.spi_callback
                0x00002bd4       0x10 ./src/MAX31865.o
                0x00002bd4                spi_callback
 .text._ZN14ModbusRTUSlaveC2EhP18IModbusSlaveDevice
                0x00002be4        0x8 ./src/ModbusRTUSlave.o
                0x00002be4                ModbusRTUSlave::ModbusRTUSlave(unsigned char, IModbusSlaveDevice*)
                0x00002be4                ModbusRTUSlave::ModbusRTUSlave(unsigned char, IModbusSlaveDevice*)
 .text._ZN14ModbusRTUSlave16ProcessReadCoilsEttPh
                0x00002bec      0x194 ./src/ModbusRTUSlave.o
                0x00002bec                ModbusRTUSlave::ProcessReadCoils(unsigned short, unsigned short, unsigned char*)
 .text._ZN14ModbusRTUSlave20ProcessReadDescretesEttPh
                0x00002d80      0x194 ./src/ModbusRTUSlave.o
                0x00002d80                ModbusRTUSlave::ProcessReadDescretes(unsigned short, unsigned short, unsigned char*)
 .text._ZN14ModbusRTUSlave18ProcessReadHoldingEttPh
                0x00002f14      0x120 ./src/ModbusRTUSlave.o
                0x00002f14                ModbusRTUSlave::ProcessReadHolding(unsigned short, unsigned short, unsigned char*)
 .text._ZN14ModbusRTUSlave16ProcessReadInputEttPh
                0x00003034      0x120 ./src/ModbusRTUSlave.o
                0x00003034                ModbusRTUSlave::ProcessReadInput(unsigned short, unsigned short, unsigned char*)
 .text._ZN14ModbusRTUSlave16SetModbusSlaveIdEh
                0x00003154        0x4 ./src/ModbusRTUSlave.o
                0x00003154                ModbusRTUSlave::SetModbusSlaveId(unsigned char)
 .text._ZN14ModbusRTUSlave14ProcessMessageEPhtS0_Pt
                0x00003158      0x3bc ./src/ModbusRTUSlave.o
                0x00003158                ModbusRTUSlave::ProcessMessage(unsigned char*, unsigned short, unsigned char*, unsigned short*)
 .text._Z15TempControlInitv
                0x00003514       0x58 ./src/TempContol.o
                0x00003514                TempControlInit()
 .text._Z15ReadTemperaturev
                0x0000356c       0x50 ./src/TempContol.o
                0x0000356c                ReadTemperature()
 .text._Z19GetTemperatureStatev
                0x000035bc       0x8c ./src/TempContol.o
                0x000035bc                GetTemperatureState()
 .text._Z14GetCurrentTempv
                0x00003648       0x2c ./src/TempContol.o
                0x00003648                GetCurrentTemp()
 .text._Z14GetSensorStatev
                0x00003674        0xc ./src/TempContol.o
                0x00003674                GetSensorState()
 .text._ZN14TempHysterisis4InitEii
                0x00003680       0x10 ./src/TempHysterisis.o
                0x00003680                TempHysterisis::Init(int, int)
 .text._ZN14TempHysterisis13GetActionToDoEi
                0x00003690       0x34 ./src/TempHysterisis.o
                0x00003690                TempHysterisis::GetActionToDo(int)
 .text._Z17ConvertNumToAsciit
                0x000036c4       0x20 ./src/UI.o
                0x000036c4                ConvertNumToAscii(unsigned short)
 .text._Z17ConvertAsciiToNumt
                0x000036e4       0x18 ./src/UI.o
                0x000036e4                ConvertAsciiToNum(unsigned short)
 .text._Z10RestartHMIv
                0x000036fc       0x38 ./src/UI.o
                0x000036fc                RestartHMI()
 .text._Z16SetLCDBrightnesst
                0x00003734        0x4 ./src/UI.o
                0x00003734                SetLCDBrightness(unsigned short)
 .text._Z14GetCurrentPagev
                0x00003738        0xc ./src/UI.o
                0x00003738                GetCurrentPage()
 .text._Z14HandleResponseP12DisplayMsg_t
                0x00003744       0x60 ./src/UI.o
                0x00003744                HandleResponse(DisplayMsg_t*)
 .text._Z15PageHandlerTickv
                0x000037a4       0x20 ./src/UI.o
                0x000037a4                PageHandlerTick()
 .text._Z26PageWriteAckedEventHandlerP12DisplayMsg_t
                0x000037c4       0x48 ./src/UI.o
                0x000037c4                PageWriteAckedEventHandler(DisplayMsg_t*)
 .text._Z17InitPageIfChangedv
                0x0000380c       0x30 ./src/UI.o
                0x0000380c                InitPageIfChanged()
 .text._Z11UpdateFieldtt
                0x0000383c       0x28 ./src/UI.o
                0x0000383c                UpdateField(unsigned short, unsigned short)
 .text._Z9ReadFieldt
                0x00003864       0x28 ./src/UI.o
                0x00003864                ReadField(unsigned short)
 .text._Z17UpdateStringFieldtPct
                0x0000388c       0x64 ./src/UI.o
                0x0000388c                UpdateStringField(unsigned short, char*, unsigned short)
 .text._Z12UpdatePageIdv
                0x000038f0       0x24 ./src/UI.o
                0x000038f0                UpdatePageId()
 .text._Z8ShowPaget
                0x00003914       0x34 ./src/UI.o
                0x00003914                ShowPage(unsigned short)
 .text._ZL9writeDataPht.constprop.0
                0x00003948       0x84 ./src/config_thread0_entry.o
 .text.config_thread0_entry
                0x000039cc      0x280 ./src/config_thread0_entry.o
                0x000039cc                config_thread0_entry
 .text.bgo_callback
                0x00003c4c        0x4 ./src/config_thread0_entry.o
                0x00003c4c                bgo_callback
 .text.startup._GLOBAL__sub_I_g_baud_rate
                0x00003c50       0x18 ./src/config_thread0_entry.o
 .text.display_thread_entry
                0x00003c68      0x19c ./src/display_thread_entry.o
                0x00003c68                display_thread_entry
 .text.display_comm_handle
                0x00003e04       0x30 ./src/display_thread_entry.o
                0x00003e04                display_comm_handle
 .text.fan_control_thread_entry
                0x00003e34       0x6c ./src/fan_control_thread_entry.o
                0x00003e34                fan_control_thread_entry
 .text.R_BSP_WarmStart
                0x00003ea0       0x18 ./src/hal_entry.o
                0x00003ea0                R_BSP_WarmStart
 .text.modbus_thread_entry
                0x00003eb8      0x180 ./src/modbus_thread_entry.o
                0x00003eb8                modbus_thread_entry
 .text.uart_callback
                0x00004038       0x94 ./src/modbus_thread_entry.o
                0x00004038                uart_callback
 .text.vRS485TimerCallbackT35
                0x000040cc       0x3c ./src/modbus_thread_entry.o
                0x000040cc                vRS485TimerCallbackT35
 .text.startup._GLOBAL__sub_I_g_rs485Comm_status_on_display
                0x00004108       0x20 ./src/modbus_thread_entry.o
 .text.ui_task_entry
                0x00004128       0x9c ./src/ui_task_entry.o
                0x00004128                ui_task_entry
 .text.g_common_init
                0x000041c4       0x98 ./ra_gen/common_data.o
                0x000041c4                g_common_init
 .text.config_thread0_func
                0x0000425c       0x14 ./ra_gen/config_thread0.o
 .text.config_thread0_create
                0x00004270       0x58 ./ra_gen/config_thread0.o
                0x00004270                config_thread0_create
 .text.display_thread_func
                0x000042c8       0x14 ./ra_gen/display_thread.o
 .text.display_thread_create
                0x000042dc       0x58 ./ra_gen/display_thread.o
                0x000042dc                display_thread_create
 .text.fan_control_thread_func
                0x00004334       0x14 ./ra_gen/fan_control_thread.o
 .text.fan_control_thread_create
                0x00004348       0x58 ./ra_gen/fan_control_thread.o
                0x00004348                fan_control_thread_create
 .text.g_hal_init
                0x000043a0        0x4 ./ra_gen/hal_data.o
                0x000043a0                g_hal_init
 .text.rtos_startup_err_callback_internal
                0x000043a4        0x4 ./ra_gen/main.o
                0x000043a4                rtos_startup_err_callback
                0x000043a4                rtos_startup_err_callback_internal
 .text.rtos_startup_common_init
                0x000043a8       0x68 ./ra_gen/main.o
                0x000043a8                rtos_startup_common_init
 .text.startup.main
                0x00004410       0x54 ./ra_gen/main.o
                0x00004410                main
 .text.vApplicationGetIdleTaskMemory
                0x00004464       0x1c ./ra_gen/main.o
                0x00004464                vApplicationGetIdleTaskMemory
 .text.vApplicationGetTimerTaskMemory
                0x00004480       0x1c ./ra_gen/main.o
                0x00004480                vApplicationGetTimerTaskMemory
 .text.modbus_thread_func
                0x0000449c       0x14 ./ra_gen/modbus_thread.o
 .text.modbus_thread_create
                0x000044b0       0x58 ./ra_gen/modbus_thread.o
                0x000044b0                modbus_thread_create
 .text.ui_task_func
                0x00004508       0x14 ./ra_gen/ui_task.o
 .text.ui_task_create
                0x0000451c       0x58 ./ra_gen/ui_task.o
                0x0000451c                ui_task_create
 .text.prvTaskExitError
                0x00004574        0x4 ./ra/fsp/src/rm_freertos_port/port.o
 .text.SVC_Handler
                0x00004578       0x18 ./ra/fsp/src/rm_freertos_port/port.o
                0x00004578                SVC_Handler
 .text.PendSV_Handler
                0x00004590       0x3c ./ra/fsp/src/rm_freertos_port/port.o
                0x00004590                PendSV_Handler
 .text.rm_freertos_port_restore_task_stackless
                0x000045cc       0x20 ./ra/fsp/src/rm_freertos_port/port.o
                0x000045cc                rm_freertos_port_restore_task_stackless
 .text.SysTick_Handler
                0x000045ec       0x24 ./ra/fsp/src/rm_freertos_port/port.o
                0x000045ec                SysTick_Handler
 .text.vPortSVCHandler_C
                0x00004610       0x34 ./ra/fsp/src/rm_freertos_port/port.o
                0x00004610                vPortSVCHandler_C
 .text.pxPortInitialiseStack
                0x00004644       0x28 ./ra/fsp/src/rm_freertos_port/port.o
                0x00004644                pxPortInitialiseStack
 .text.vPortEnterCritical
                0x0000466c       0x50 ./ra/fsp/src/rm_freertos_port/port.o
                0x0000466c                vPortEnterCritical
 .text.vPortExitCritical
                0x000046bc       0x3c ./ra/fsp/src/rm_freertos_port/port.o
                0x000046bc                vPortExitCritical
 .text.rm_freertos_port_sleep_preserving_lpm
                0x000046f8       0x6c ./ra/fsp/src/rm_freertos_port/port.o
                0x000046f8                rm_freertos_port_sleep_preserving_lpm
 .text.vApplicationIdleHook
                0x00004764       0x18 ./ra/fsp/src/rm_freertos_port/port.o
                0x00004764                vApplicationIdleHook
 .text.vPortSetupTimerInterrupt
                0x0000477c       0x3c ./ra/fsp/src/rm_freertos_port/port.o
                0x0000477c                vPortSetupTimerInterrupt
 .text.xPortStartScheduler
                0x000047b8       0xbc ./ra/fsp/src/rm_freertos_port/port.o
                0x000047b8                xPortStartScheduler
 .text.vPortValidateInterruptPriority
                0x00004874       0x70 ./ra/fsp/src/rm_freertos_port/port.o
                0x00004874                vPortValidateInterruptPriority
 .text.usb_pcdc_read_complete
                0x000048e4       0x70 ./ra/fsp/src/r_usb_pcdc/src/r_usb_pcdc_driver.o
                0x000048e4                usb_pcdc_read_complete
 .text.usb_pcdc_write_complete
                0x00004954       0x60 ./ra/fsp/src/r_usb_pcdc/src/r_usb_pcdc_driver.o
                0x00004954                usb_pcdc_write_complete
 .text.usb_cstd_get_buf_size
                0x000049b4       0x4c ./ra/fsp/src/r_usb_basic/src/hw/r_usb_creg_abs.o
                0x000049b4                usb_cstd_get_buf_size
 .text.usb_cstd_pipe_init
                0x00004a00      0x16c ./ra/fsp/src/r_usb_basic/src/hw/r_usb_creg_abs.o
                0x00004a00                usb_cstd_pipe_init
 .text.usb_cstd_clr_pipe_cnfg
                0x00004b6c       0xe4 ./ra/fsp/src/r_usb_basic/src/hw/r_usb_creg_abs.o
                0x00004b6c                usb_cstd_clr_pipe_cnfg
 .text.usb_cstd_set_nak
                0x00004c50       0x2c ./ra/fsp/src/r_usb_basic/src/hw/r_usb_creg_abs.o
                0x00004c50                usb_cstd_set_nak
 .text.usb_cstd_is_set_frdy
                0x00004c7c       0x60 ./ra/fsp/src/r_usb_basic/src/hw/r_usb_creg_abs.o
                0x00004c7c                usb_cstd_is_set_frdy
 .text.usb_cstd_chg_curpipe
                0x00004cdc       0x2c ./ra/fsp/src/r_usb_basic/src/hw/r_usb_creg_abs.o
                0x00004cdc                usb_cstd_chg_curpipe
 .text.usb_cstd_set_transaction_counter
                0x00004d08       0x24 ./ra/fsp/src/r_usb_basic/src/hw/r_usb_creg_abs.o
                0x00004d08                usb_cstd_set_transaction_counter
 .text.usb_cstd_clr_transaction_counter
                0x00004d2c       0x18 ./ra/fsp/src/r_usb_basic/src/hw/r_usb_creg_abs.o
                0x00004d2c                usb_cstd_clr_transaction_counter
 .text.hw_usb_read_syscfg
                0x00004d44       0x34 ./ra/fsp/src/r_usb_basic/src/hw/r_usb_creg_access.o
                0x00004d44                hw_usb_read_syscfg
 .text.hw_usb_set_cnen
                0x00004d78       0x18 ./ra/fsp/src/r_usb_basic/src/hw/r_usb_creg_access.o
                0x00004d78                hw_usb_set_cnen
 .text.hw_usb_clear_cnen
                0x00004d90       0x30 ./ra/fsp/src/r_usb_basic/src/hw/r_usb_creg_access.o
                0x00004d90                hw_usb_clear_cnen
 .text.hw_usb_set_hse
                0x00004dc0       0x2c ./ra/fsp/src/r_usb_basic/src/hw/r_usb_creg_access.o
                0x00004dc0                hw_usb_set_hse
 .text.hw_usb_set_bcctrl
                0x00004dec       0x30 ./ra/fsp/src/r_usb_basic/src/hw/r_usb_creg_access.o
                0x00004dec                hw_usb_set_bcctrl
 .text.hw_usb_clear_bcctrl
                0x00004e1c       0x30 ./ra/fsp/src/r_usb_basic/src/hw/r_usb_creg_access.o
                0x00004e1c                hw_usb_clear_bcctrl
 .text.hw_usb_read_syssts
                0x00004e4c       0x34 ./ra/fsp/src/r_usb_basic/src/hw/r_usb_creg_access.o
                0x00004e4c                hw_usb_read_syssts
 .text.hw_usb_read_dvstctr
                0x00004e80       0x34 ./ra/fsp/src/r_usb_basic/src/hw/r_usb_creg_access.o
                0x00004e80                hw_usb_read_dvstctr
 .text.hw_usb_set_utst
                0x00004eb4       0x24 ./ra/fsp/src/r_usb_basic/src/hw/r_usb_creg_access.o
                0x00004eb4                hw_usb_set_utst
 .text.hw_usb_read_fifo32
                0x00004ed8       0x2c ./ra/fsp/src/r_usb_basic/src/hw/r_usb_creg_access.o
                0x00004ed8                hw_usb_read_fifo32
 .text.hw_usb_write_fifo32
                0x00004f04       0x28 ./ra/fsp/src/r_usb_basic/src/hw/r_usb_creg_access.o
                0x00004f04                hw_usb_write_fifo32
 .text.hw_usb_read_fifo16
                0x00004f2c       0x34 ./ra/fsp/src/r_usb_basic/src/hw/r_usb_creg_access.o
                0x00004f2c                hw_usb_read_fifo16
 .text.hw_usb_write_fifo16
                0x00004f60       0x5c ./ra/fsp/src/r_usb_basic/src/hw/r_usb_creg_access.o
                0x00004f60                hw_usb_write_fifo16
 .text.hw_usb_write_fifo8
                0x00004fbc       0x5c ./ra/fsp/src/r_usb_basic/src/hw/r_usb_creg_access.o
                0x00004fbc                hw_usb_write_fifo8
 .text.hw_usb_read_fifosel
                0x00005018       0x6c ./ra/fsp/src/r_usb_basic/src/hw/r_usb_creg_access.o
                0x00005018                hw_usb_read_fifosel
 .text.hw_usb_rmw_fifosel
                0x00005084       0x7c ./ra/fsp/src/r_usb_basic/src/hw/r_usb_creg_access.o
                0x00005084                hw_usb_rmw_fifosel
 .text.hw_usb_set_mbw
                0x00005100       0x8c ./ra/fsp/src/r_usb_basic/src/hw/r_usb_creg_access.o
                0x00005100                hw_usb_set_mbw
 .text.hw_usb_read_fifoctr
                0x0000518c       0x6c ./ra/fsp/src/r_usb_basic/src/hw/r_usb_creg_access.o
                0x0000518c                hw_usb_read_fifoctr
 .text.hw_usb_set_bval
                0x000051f8       0x70 ./ra/fsp/src/r_usb_basic/src/hw/r_usb_creg_access.o
                0x000051f8                hw_usb_set_bval
 .text.hw_usb_set_bclr
                0x00005268       0x74 ./ra/fsp/src/r_usb_basic/src/hw/r_usb_creg_access.o
                0x00005268                hw_usb_set_bclr
 .text.hw_usb_set_brdyenb
                0x000052dc       0x40 ./ra/fsp/src/r_usb_basic/src/hw/r_usb_creg_access.o
                0x000052dc                hw_usb_set_brdyenb
 .text.hw_usb_clear_brdyenb
                0x0000531c       0x3c ./ra/fsp/src/r_usb_basic/src/hw/r_usb_creg_access.o
                0x0000531c                hw_usb_clear_brdyenb
 .text.hw_usb_set_nrdyenb
                0x00005358       0x40 ./ra/fsp/src/r_usb_basic/src/hw/r_usb_creg_access.o
                0x00005358                hw_usb_set_nrdyenb
 .text.hw_usb_clear_nrdyenb
                0x00005398       0x3c ./ra/fsp/src/r_usb_basic/src/hw/r_usb_creg_access.o
                0x00005398                hw_usb_clear_nrdyenb
 .text.hw_usb_set_bempenb
                0x000053d4       0x58 ./ra/fsp/src/r_usb_basic/src/hw/r_usb_creg_access.o
                0x000053d4                hw_usb_set_bempenb
 .text.hw_usb_clear_bempenb
                0x0000542c       0x3c ./ra/fsp/src/r_usb_basic/src/hw/r_usb_creg_access.o
                0x0000542c                hw_usb_clear_bempenb
 .text.hw_usb_read_intsts
                0x00005468       0x20 ./ra/fsp/src/r_usb_basic/src/hw/r_usb_creg_access.o
                0x00005468                hw_usb_read_intsts
 .text.hw_usb_clear_sts_brdy
                0x00005488       0x3c ./ra/fsp/src/r_usb_basic/src/hw/r_usb_creg_access.o
                0x00005488                hw_usb_clear_sts_brdy
 .text.hw_usb_clear_status_nrdy
                0x000054c4       0x3c ./ra/fsp/src/r_usb_basic/src/hw/r_usb_creg_access.o
                0x000054c4                hw_usb_clear_status_nrdy
 .text.hw_usb_clear_status_bemp
                0x00005500       0x3c ./ra/fsp/src/r_usb_basic/src/hw/r_usb_creg_access.o
                0x00005500                hw_usb_clear_status_bemp
 .text.hw_usb_read_frmnum
                0x0000553c       0x38 ./ra/fsp/src/r_usb_basic/src/hw/r_usb_creg_access.o
                0x0000553c                hw_usb_read_frmnum
 .text.hw_usb_read_usbreq
                0x00005574       0x20 ./ra/fsp/src/r_usb_basic/src/hw/r_usb_creg_access.o
                0x00005574                hw_usb_read_usbreq
 .text.hw_usb_read_usbval
                0x00005594       0x20 ./ra/fsp/src/r_usb_basic/src/hw/r_usb_creg_access.o
                0x00005594                hw_usb_read_usbval
 .text.hw_usb_read_usbindx
                0x000055b4       0x20 ./ra/fsp/src/r_usb_basic/src/hw/r_usb_creg_access.o
                0x000055b4                hw_usb_read_usbindx
 .text.hw_usb_read_usbleng
                0x000055d4       0x20 ./ra/fsp/src/r_usb_basic/src/hw/r_usb_creg_access.o
                0x000055d4                hw_usb_read_usbleng
 .text.hw_usb_read_dcpcfg
                0x000055f4       0x38 ./ra/fsp/src/r_usb_basic/src/hw/r_usb_creg_access.o
                0x000055f4                hw_usb_read_dcpcfg
 .text.hw_usb_write_dcpcfg
                0x0000562c       0x30 ./ra/fsp/src/r_usb_basic/src/hw/r_usb_creg_access.o
                0x0000562c                hw_usb_write_dcpcfg
 .text.hw_usb_read_dcpmaxp
                0x0000565c       0x38 ./ra/fsp/src/r_usb_basic/src/hw/r_usb_creg_access.o
                0x0000565c                hw_usb_read_dcpmaxp
 .text.hw_usb_write_dcpmxps
                0x00005694       0x30 ./ra/fsp/src/r_usb_basic/src/hw/r_usb_creg_access.o
                0x00005694                hw_usb_write_dcpmxps
 .text.hw_usb_read_dcpctr
                0x000056c4       0x20 ./ra/fsp/src/r_usb_basic/src/hw/r_usb_creg_access.o
                0x000056c4                hw_usb_read_dcpctr
 .text.hw_usb_write_pipesel
                0x000056e4       0x30 ./ra/fsp/src/r_usb_basic/src/hw/r_usb_creg_access.o
                0x000056e4                hw_usb_write_pipesel
 .text.hw_usb_read_pipecfg
                0x00005714       0x38 ./ra/fsp/src/r_usb_basic/src/hw/r_usb_creg_access.o
                0x00005714                hw_usb_read_pipecfg
 .text.hw_usb_write_pipecfg
                0x0000574c       0x30 ./ra/fsp/src/r_usb_basic/src/hw/r_usb_creg_access.o
                0x0000574c                hw_usb_write_pipecfg
 .text.hw_usb_write_pipebuf
                0x0000577c       0x24 ./ra/fsp/src/r_usb_basic/src/hw/r_usb_creg_access.o
                0x0000577c                hw_usb_write_pipebuf
 .text.hw_usb_read_pipebuf
                0x000057a0       0x2c ./ra/fsp/src/r_usb_basic/src/hw/r_usb_creg_access.o
                0x000057a0                hw_usb_read_pipebuf
 .text.hw_usb_read_pipemaxp
                0x000057cc       0x38 ./ra/fsp/src/r_usb_basic/src/hw/r_usb_creg_access.o
                0x000057cc                hw_usb_read_pipemaxp
 .text.hw_usb_write_pipemaxp
                0x00005804       0x30 ./ra/fsp/src/r_usb_basic/src/hw/r_usb_creg_access.o
                0x00005804                hw_usb_write_pipemaxp
 .text.hw_usb_write_pipeperi
                0x00005834       0x30 ./ra/fsp/src/r_usb_basic/src/hw/r_usb_creg_access.o
                0x00005834                hw_usb_write_pipeperi
 .text.hw_usb_read_pipectr
                0x00005864       0x64 ./ra/fsp/src/r_usb_basic/src/hw/r_usb_creg_access.o
                0x00005864                hw_usb_read_pipectr
 .text.hw_usb_set_csclr
                0x000058c8       0x38 ./ra/fsp/src/r_usb_basic/src/hw/r_usb_creg_access.o
                0x000058c8                hw_usb_set_csclr
 .text.hw_usb_set_aclrm
                0x00005900       0x44 ./ra/fsp/src/r_usb_basic/src/hw/r_usb_creg_access.o
                0x00005900                hw_usb_set_aclrm
 .text.hw_usb_clear_aclrm
                0x00005944       0x3c ./ra/fsp/src/r_usb_basic/src/hw/r_usb_creg_access.o
                0x00005944                hw_usb_clear_aclrm
 .text.hw_usb_set_sqclr
                0x00005980       0x74 ./ra/fsp/src/r_usb_basic/src/hw/r_usb_creg_access.o
                0x00005980                hw_usb_set_sqclr
 .text.hw_usb_set_pid
                0x000059f4       0x58 ./ra/fsp/src/r_usb_basic/src/hw/r_usb_creg_access.o
                0x000059f4                hw_usb_set_pid
 .text.hw_usb_clear_pid
                0x00005a4c       0x50 ./ra/fsp/src/r_usb_basic/src/hw/r_usb_creg_access.o
                0x00005a4c                hw_usb_clear_pid
 .text.hw_usb_set_trenb
                0x00005a9c       0x3c ./ra/fsp/src/r_usb_basic/src/hw/r_usb_creg_access.o
                0x00005a9c                hw_usb_set_trenb
 .text.hw_usb_clear_trenb
                0x00005ad8       0x3c ./ra/fsp/src/r_usb_basic/src/hw/r_usb_creg_access.o
                0x00005ad8                hw_usb_clear_trenb
 .text.hw_usb_set_trclr
                0x00005b14       0x3c ./ra/fsp/src/r_usb_basic/src/hw/r_usb_creg_access.o
                0x00005b14                hw_usb_set_trclr
 .text.hw_usb_write_pipetrn
                0x00005b50       0x34 ./ra/fsp/src/r_usb_basic/src/hw/r_usb_creg_access.o
                0x00005b50                hw_usb_write_pipetrn
 .text.hw_usb_read_bcctrl
                0x00005b84       0x2c ./ra/fsp/src/r_usb_basic/src/hw/r_usb_creg_access.o
                0x00005b84                hw_usb_read_bcctrl
 .text.hw_usb_set_suspendm
                0x00005bb0       0x1c ./ra/fsp/src/r_usb_basic/src/hw/r_usb_creg_access.o
                0x00005bb0                hw_usb_set_suspendm
 .text.hw_usb_clear_suspm
                0x00005bcc       0x1c ./ra/fsp/src/r_usb_basic/src/hw/r_usb_creg_access.o
                0x00005bcc                hw_usb_clear_suspm
 .text.usb_module_start
                0x00005be8       0x60 ./ra/fsp/src/r_usb_basic/src/hw/r_usb_mcu.o
                0x00005be8                usb_module_start
 .text.usb_cpu_usbint_init
                0x00005c48      0x118 ./ra/fsp/src/r_usb_basic/src/hw/r_usb_mcu.o
                0x00005c48                usb_cpu_usbint_init
 .text.usb_cpu_delay_1us
                0x00005d60        0x8 ./ra/fsp/src/r_usb_basic/src/hw/r_usb_mcu.o
                0x00005d60                usb_cpu_delay_1us
 .text.usb_cpu_delay_xms
                0x00005d68        0x4 ./ra/fsp/src/r_usb_basic/src/hw/r_usb_mcu.o
                0x00005d68                usb_cpu_delay_xms
 .text.usbfs_interrupt_handler
                0x00005d6c       0x34 ./ra/fsp/src/r_usb_basic/src/hw/r_usb_mcu.o
                0x00005d6c                usbfs_interrupt_handler
 .text.usbfs_resume_handler
                0x00005da0       0x34 ./ra/fsp/src/r_usb_basic/src/hw/r_usb_mcu.o
                0x00005da0                usbfs_resume_handler
 .text.usbfs_d0fifo_handler
                0x00005dd4       0x24 ./ra/fsp/src/r_usb_basic/src/hw/r_usb_mcu.o
                0x00005dd4                usbfs_d0fifo_handler
 .text.usbfs_d1fifo_handler
                0x00005df8       0x24 ./ra/fsp/src/r_usb_basic/src/hw/r_usb_mcu.o
                0x00005df8                usbfs_d1fifo_handler
 .text.usb_pstd_interrupt_handler
                0x00005e1c      0x1fc ./ra/fsp/src/r_usb_basic/src/hw/r_usb_preg_abs.o
                0x00005e1c                usb_pstd_interrupt_handler
 .text.usb_pstd_save_request
                0x00006018       0x48 ./ra/fsp/src/r_usb_basic/src/hw/r_usb_preg_abs.o
                0x00006018                usb_pstd_save_request
 .text.usb_pstd_chk_configured
                0x00006060       0x1c ./ra/fsp/src/r_usb_basic/src/hw/r_usb_preg_abs.o
                0x00006060                usb_pstd_chk_configured
 .text.usb_pstd_remote_wakeup
                0x0000607c       0x48 ./ra/fsp/src/r_usb_basic/src/hw/r_usb_preg_abs.o
                0x0000607c                usb_pstd_remote_wakeup
 .text.usb_pstd_test_mode
                0x000060c4       0x44 ./ra/fsp/src/r_usb_basic/src/hw/r_usb_preg_abs.o
                0x000060c4                usb_pstd_test_mode
 .text.usb_pstd_resume_process
                0x00006108       0x18 ./ra/fsp/src/r_usb_basic/src/hw/r_usb_preg_abs.o
                0x00006108                usb_pstd_resume_process
 .text.usb_pstd_set_stall
                0x00006120        0xc ./ra/fsp/src/r_usb_basic/src/hw/r_usb_preg_abs.o
                0x00006120                usb_pstd_set_stall
 .text.usb_pstd_set_stall_pipe0
                0x0000612c        0x8 ./ra/fsp/src/r_usb_basic/src/hw/r_usb_preg_abs.o
                0x0000612c                usb_pstd_set_stall_pipe0
 .text.usb_pstd_write_fifo
                0x00006134       0xc8 ./ra/fsp/src/r_usb_basic/src/hw/r_usb_preg_abs.o
                0x00006134                usb_pstd_write_fifo
 .text.usb_pstd_read_fifo
                0x000061fc       0x94 ./ra/fsp/src/r_usb_basic/src/hw/r_usb_preg_abs.o
                0x000061fc                usb_pstd_read_fifo
 .text.usb_pstd_forced_termination
                0x00006290       0xb4 ./ra/fsp/src/r_usb_basic/src/hw/r_usb_preg_abs.o
                0x00006290                usb_pstd_forced_termination
 .text.usb_pstd_interrupt_clock
                0x00006344       0x20 ./ra/fsp/src/r_usb_basic/src/hw/r_usb_preg_abs.o
                0x00006344                usb_pstd_interrupt_clock
 .text.usb_pstd_self_clock
                0x00006364       0x20 ./ra/fsp/src/r_usb_basic/src/hw/r_usb_preg_abs.o
                0x00006364                usb_pstd_self_clock
 .text.usb_pstd_stop_clock
                0x00006384       0x10 ./ra/fsp/src/r_usb_basic/src/hw/r_usb_preg_abs.o
                0x00006384                usb_pstd_stop_clock
 .text.hw_usb_pset_dprpu
                0x00006394       0x28 ./ra/fsp/src/r_usb_basic/src/hw/r_usb_preg_access.o
                0x00006394                hw_usb_pset_dprpu
 .text.hw_usb_pclear_dprpu
                0x000063bc       0x20 ./ra/fsp/src/r_usb_basic/src/hw/r_usb_preg_access.o
                0x000063bc                hw_usb_pclear_dprpu
 .text.hw_usb_pset_wkup
                0x000063dc       0x28 ./ra/fsp/src/r_usb_basic/src/hw/r_usb_preg_access.o
                0x000063dc                hw_usb_pset_wkup
 .text.hw_usb_pset_enb_rsme
                0x00006404       0x28 ./ra/fsp/src/r_usb_basic/src/hw/r_usb_preg_access.o
                0x00006404                hw_usb_pset_enb_rsme
 .text.hw_usb_pclear_enb_rsme
                0x0000642c       0x20 ./ra/fsp/src/r_usb_basic/src/hw/r_usb_preg_access.o
                0x0000642c                hw_usb_pclear_enb_rsme
 .text.hw_usb_pclear_sts_resm
                0x0000644c       0x24 ./ra/fsp/src/r_usb_basic/src/hw/r_usb_preg_access.o
                0x0000644c                hw_usb_pclear_sts_resm
 .text.hw_usb_pclear_sts_valid
                0x00006470       0x24 ./ra/fsp/src/r_usb_basic/src/hw/r_usb_preg_access.o
                0x00006470                hw_usb_pclear_sts_valid
 .text.hw_usb_pset_ccpl
                0x00006494       0x30 ./ra/fsp/src/r_usb_basic/src/hw/r_usb_preg_access.o
                0x00006494                hw_usb_pset_ccpl
 .text.hw_usb_pmodule_init
                0x000064c4       0xc4 ./ra/fsp/src/r_usb_basic/src/hw/r_usb_preg_access.o
                0x000064c4                hw_usb_pmodule_init
 .text.usb_data_write
                0x00006588       0x68 ./ra/fsp/src/r_usb_basic/src/driver/r_usb_cdataio.o
                0x00006588                usb_data_write
 .text.usb_cstd_nrdy_enable
                0x000065f0        0xc ./ra/fsp/src/r_usb_basic/src/driver/r_usb_clibusbip.o
                0x000065f0                usb_cstd_nrdy_enable
 .text.usb_cstd_get_pid
                0x000065fc       0x14 ./ra/fsp/src/r_usb_basic/src/driver/r_usb_clibusbip.o
                0x000065fc                usb_cstd_get_pid
 .text.usb_cstd_get_maxpacket_size
                0x00006610       0x28 ./ra/fsp/src/r_usb_basic/src/driver/r_usb_clibusbip.o
                0x00006610                usb_cstd_get_maxpacket_size
 .text.usb_cstd_get_pipe_dir
                0x00006638       0x1c ./ra/fsp/src/r_usb_basic/src/driver/r_usb_clibusbip.o
                0x00006638                usb_cstd_get_pipe_dir
 .text.usb_cstd_get_pipe_type
                0x00006654       0x1c ./ra/fsp/src/r_usb_basic/src/driver/r_usb_clibusbip.o
                0x00006654                usb_cstd_get_pipe_type
 .text.usb_cstd_do_aclrm
                0x00006670       0x1c ./ra/fsp/src/r_usb_basic/src/driver/r_usb_clibusbip.o
                0x00006670                usb_cstd_do_aclrm
 .text.usb_cstd_set_buf
                0x0000668c        0xc ./ra/fsp/src/r_usb_basic/src/driver/r_usb_clibusbip.o
                0x0000668c                usb_cstd_set_buf
 .text.usb_cstd_clr_stall
                0x00006698       0x20 ./ra/fsp/src/r_usb_basic/src/driver/r_usb_clibusbip.o
                0x00006698                usb_cstd_clr_stall
 .text.usb_cstd_port_speed
                0x000066b8       0x18 ./ra/fsp/src/r_usb_basic/src/driver/r_usb_clibusbip.o
                0x000066b8                usb_cstd_port_speed
 .text.usb_set_event
                0x000066d0      0x100 ./ra/fsp/src/r_usb_basic/src/driver/r_usb_clibusbip.o
                0x000066d0                usb_set_event
 .text.usb_rtos_configuration
                0x000067d0       0xbc ./ra/fsp/src/r_usb_basic/src/driver/r_usb_cstd_rtos.o
                0x000067d0                usb_rtos_configuration
 .text.usb_cstd_rec_msg
                0x0000688c       0x3c ./ra/fsp/src/r_usb_basic/src/driver/r_usb_cstd_rtos.o
                0x0000688c                usb_cstd_rec_msg
 .text.usb_cstd_snd_msg
                0x000068c8       0x34 ./ra/fsp/src/r_usb_basic/src/driver/r_usb_cstd_rtos.o
                0x000068c8                usb_cstd_snd_msg
 .text.usb_cstd_isnd_msg
                0x000068fc       0x4c ./ra/fsp/src/r_usb_basic/src/driver/r_usb_cstd_rtos.o
                0x000068fc                usb_cstd_isnd_msg
 .text.usb_cstd_pipe_msg_clear
                0x00006948       0x40 ./ra/fsp/src/r_usb_basic/src/driver/r_usb_cstd_rtos.o
                0x00006948                usb_cstd_pipe_msg_clear
 .text.usb_cstd_pipe0_msg_clear
                0x00006988       0x40 ./ra/fsp/src/r_usb_basic/src/driver/r_usb_cstd_rtos.o
                0x00006988                usb_cstd_pipe0_msg_clear
 .text.usb_cstd_pipe_msg_re_forward
                0x000069c8       0x64 ./ra/fsp/src/r_usb_basic/src/driver/r_usb_cstd_rtos.o
                0x000069c8                usb_cstd_pipe_msg_re_forward
 .text.usb_cstd_pipe_msg_forward
                0x00006a2c       0x30 ./ra/fsp/src/r_usb_basic/src/driver/r_usb_cstd_rtos.o
                0x00006a2c                usb_cstd_pipe_msg_forward
 .text.usb_pstd_bc_data_contact_detect
                0x00006a5c       0x68 ./ra/fsp/src/r_usb_basic/src/driver/r_usb_pbc.o
                0x00006a5c                usb_pstd_bc_data_contact_detect
 .text.usb_pstd_bc_detect_process
                0x00006ac4       0x80 ./ra/fsp/src/r_usb_basic/src/driver/r_usb_pbc.o
                0x00006ac4                usb_pstd_bc_detect_process
 .text.usb_pstd_ctrl_read
                0x00006b44       0x88 ./ra/fsp/src/r_usb_basic/src/driver/r_usb_pcontrolrw.o
                0x00006b44                usb_pstd_ctrl_read
 .text.usb_pstd_ctrl_end
                0x00006bcc       0x78 ./ra/fsp/src/r_usb_basic/src/driver/r_usb_pcontrolrw.o
                0x00006bcc                usb_pstd_ctrl_end
 .text.usb_peri_configured
                0x00006c44       0x28 ./ra/fsp/src/r_usb_basic/src/driver/r_usb_pdriver.o
                0x00006c44                usb_peri_configured
 .text.usb_peri_suspended
                0x00006c6c       0x1c ./ra/fsp/src/r_usb_basic/src/driver/r_usb_pdriver.o
                0x00006c6c                usb_peri_suspended
 .text.usb_peri_resume
                0x00006c88       0x20 ./ra/fsp/src/r_usb_basic/src/driver/r_usb_pdriver.o
                0x00006c88                usb_peri_resume
 .text.usb_peri_interface
                0x00006ca8        0x4 ./ra/fsp/src/r_usb_basic/src/driver/r_usb_pdriver.o
                0x00006ca8                usb_peri_interface
 .text.usb_peri_detach
                0x00006cac       0x30 ./ra/fsp/src/r_usb_basic/src/driver/r_usb_pdriver.o
                0x00006cac                usb_peri_detach
 .text.usb_pstd_set_submitutr
                0x00006cdc       0x58 ./ra/fsp/src/r_usb_basic/src/driver/r_usb_pdriver.o
                0x00006cdc                usb_pstd_set_submitutr
 .text.usb_pstd_pcd_task
                0x00006d34      0x230 ./ra/fsp/src/r_usb_basic/src/driver/r_usb_pdriver.o
                0x00006d34                usb_pstd_pcd_task
 .text.usb_pstd_clr_mem
                0x00006f64       0x28 ./ra/fsp/src/r_usb_basic/src/driver/r_usb_pdriver.o
                0x00006f64                usb_pstd_clr_mem
 .text.usb_pstd_set_config_num
                0x00006f8c       0x1c ./ra/fsp/src/r_usb_basic/src/driver/r_usb_pdriver.o
                0x00006f8c                usb_pstd_set_config_num
 .text.usb_pstd_clr_eptbl_index
                0x00006fa8       0x20 ./ra/fsp/src/r_usb_basic/src/driver/r_usb_pdriver.o
                0x00006fa8                usb_pstd_clr_eptbl_index
 .text.usb_pstd_get_interface_num
                0x00006fc8        0xc ./ra/fsp/src/r_usb_basic/src/driver/r_usb_pdriver.o
                0x00006fc8                usb_pstd_get_interface_num
 .text.usb_pstd_get_alternate_num
                0x00006fd4       0x48 ./ra/fsp/src/r_usb_basic/src/driver/r_usb_pdriver.o
                0x00006fd4                usb_pstd_get_alternate_num
 .text.usb_pstd_set_eptbl_index
                0x0000701c       0xa8 ./ra/fsp/src/r_usb_basic/src/driver/r_usb_pdriver.o
                0x0000701c                usb_pstd_set_eptbl_index
 .text.usb_pstd_chk_remote
                0x000070c4       0x1c ./ra/fsp/src/r_usb_basic/src/driver/r_usb_pdriver.o
                0x000070c4                usb_pstd_chk_remote
 .text.usb_pstd_get_current_power
                0x000070e0       0x10 ./ra/fsp/src/r_usb_basic/src/driver/r_usb_pdriver.o
                0x000070e0                usb_pstd_get_current_power
 .text.usb_pstd_fifo_to_buf
                0x000070f0       0x70 ./ra/fsp/src/r_usb_basic/src/driver/r_usb_pdriver.o
                0x000070f0                usb_pstd_fifo_to_buf
 .text.usb_pstd_buf_to_fifo
                0x00007160       0x70 ./ra/fsp/src/r_usb_basic/src/driver/r_usb_pdriver.o
                0x00007160                usb_pstd_buf_to_fifo
 .text.usb_pstd_transfer_start
                0x000071d0       0x4c ./ra/fsp/src/r_usb_basic/src/driver/r_usb_pdriver.o
                0x000071d0                usb_pstd_transfer_start
 .text.usb_peri_registration
                0x0000721c       0x68 ./ra/fsp/src/r_usb_basic/src/driver/r_usb_pdriver.o
                0x0000721c                usb_peri_registration
 .text.usb_peri_pipe_info
                0x00007284       0x64 ./ra/fsp/src/r_usb_basic/src/driver/r_usb_pdriver.o
                0x00007284                usb_peri_pipe_info
 .text.usb_peri_devdefault
                0x000072e8       0xac ./ra/fsp/src/r_usb_basic/src/driver/r_usb_pdriver.o
                0x000072e8                usb_peri_devdefault
 .text.usb_pstd_brdy_pipe
                0x00007394       0x60 ./ra/fsp/src/r_usb_basic/src/driver/r_usb_pintfifo.o
                0x00007394                usb_pstd_brdy_pipe
 .text.usb_pstd_nrdy_pipe
                0x000073f4        0xc ./ra/fsp/src/r_usb_basic/src/driver/r_usb_pintfifo.o
                0x000073f4                usb_pstd_nrdy_pipe
 .text.usb_pstd_bemp_pipe
                0x00007400       0x48 ./ra/fsp/src/r_usb_basic/src/driver/r_usb_pintfifo.o
                0x00007400                usb_pstd_bemp_pipe
 .text.usb_pstd_usb_handler
                0x00007448       0x68 ./ra/fsp/src/r_usb_basic/src/driver/r_usb_pinthandler_usbip0.o
                0x00007448                usb_pstd_usb_handler
 .text.usb_pstd_data_end.part.0
                0x000074b0       0x88 ./ra/fsp/src/r_usb_basic/src/driver/r_usb_plibusbip.o
 .text.usb_pstd_epadr2pipe
                0x00007538       0x48 ./ra/fsp/src/r_usb_basic/src/driver/r_usb_plibusbip.o
                0x00007538                usb_pstd_epadr2pipe
 .text.usb_pstd_pipe2fport
                0x00007580        0x4 ./ra/fsp/src/r_usb_basic/src/driver/r_usb_plibusbip.o
                0x00007580                usb_pstd_pipe2fport
 .text.usb_pstd_hi_speed_enable
                0x00007584        0xc ./ra/fsp/src/r_usb_basic/src/driver/r_usb_plibusbip.o
                0x00007584                usb_pstd_hi_speed_enable
 .text.usb_pstd_send_start
                0x00007590       0x5c ./ra/fsp/src/r_usb_basic/src/driver/r_usb_plibusbip.o
                0x00007590                usb_pstd_send_start
 .text.usb_pstd_write_data
                0x000075ec      0x10c ./ra/fsp/src/r_usb_basic/src/driver/r_usb_plibusbip.o
                0x000075ec                usb_pstd_write_data
 .text.usb_pstd_receive_start
                0x000076f8       0x80 ./ra/fsp/src/r_usb_basic/src/driver/r_usb_plibusbip.o
                0x000076f8                usb_pstd_receive_start
 .text.usb_pstd_read_data
                0x00007778       0xfc ./ra/fsp/src/r_usb_basic/src/driver/r_usb_plibusbip.o
                0x00007778                usb_pstd_read_data
 .text.usb_pstd_data_end
                0x00007874        0xc ./ra/fsp/src/r_usb_basic/src/driver/r_usb_plibusbip.o
                0x00007874                usb_pstd_data_end
 .text.usb_pstd_brdy_pipe_process
                0x00007880       0x60 ./ra/fsp/src/r_usb_basic/src/driver/r_usb_plibusbip.o
                0x00007880                usb_pstd_brdy_pipe_process
 .text.usb_pstd_nrdy_pipe_process
                0x000078e0       0x58 ./ra/fsp/src/r_usb_basic/src/driver/r_usb_plibusbip.o
                0x000078e0                usb_pstd_nrdy_pipe_process
 .text.usb_pstd_bemp_pipe_process
                0x00007938       0xe4 ./ra/fsp/src/r_usb_basic/src/driver/r_usb_plibusbip.o
                0x00007938                usb_pstd_bemp_pipe_process
 .text.usb_pstd_set_pipe_table
                0x00007a1c      0x120 ./ra/fsp/src/r_usb_basic/src/driver/r_usb_plibusbip.o
                0x00007a1c                usb_pstd_set_pipe_table
 .text.usb_pstd_clr_pipe_table
                0x00007b3c       0x44 ./ra/fsp/src/r_usb_basic/src/driver/r_usb_plibusbip.o
                0x00007b3c                usb_pstd_clr_pipe_table
 .text.usb_pstd_set_pipe_reg
                0x00007b80       0xa0 ./ra/fsp/src/r_usb_basic/src/driver/r_usb_plibusbip.o
                0x00007b80                usb_pstd_set_pipe_reg
 .text.usb_pstd_clr_pipe_reg
                0x00007c20       0x3c ./ra/fsp/src/r_usb_basic/src/driver/r_usb_plibusbip.o
                0x00007c20                usb_pstd_clr_pipe_reg
 .text.usb_pstd_bus_reset
                0x00007c5c       0x40 ./ra/fsp/src/r_usb_basic/src/driver/r_usb_psignal.o
                0x00007c5c                usb_pstd_bus_reset
 .text.usb_pstd_attach_process
                0x00007c9c       0x1c ./ra/fsp/src/r_usb_basic/src/driver/r_usb_psignal.o
                0x00007c9c                usb_pstd_attach_process
 .text.usb_pstd_detach_process
                0x00007cb8       0x88 ./ra/fsp/src/r_usb_basic/src/driver/r_usb_psignal.o
                0x00007cb8                usb_pstd_detach_process
 .text.usb_pstd_suspend_process
                0x00007d40       0x68 ./ra/fsp/src/r_usb_basic/src/driver/r_usb_psignal.o
                0x00007d40                usb_pstd_suspend_process
 .text.usb_pstd_set_feature_function
                0x00007da8        0x4 ./ra/fsp/src/r_usb_basic/src/driver/r_usb_pstdfunction.o
                0x00007da8                usb_pstd_set_feature_function
 .text.usb_pstd_chk_vbsts
                0x00007dac       0x40 ./ra/fsp/src/r_usb_basic/src/driver/r_usb_pstdfunction.o
                0x00007dac                usb_pstd_chk_vbsts
 .text.usb_pstd_busreset_function
                0x00007dec        0x4 ./ra/fsp/src/r_usb_basic/src/driver/r_usb_pstdfunction.o
                0x00007dec                usb_pstd_busreset_function
 .text.usb_pstd_suspend_function
                0x00007df0        0x4 ./ra/fsp/src/r_usb_basic/src/driver/r_usb_pstdfunction.o
                0x00007df0                usb_pstd_suspend_function
 .text.usb_pdriver_init
                0x00007df4       0xf4 ./ra/fsp/src/r_usb_basic/src/driver/r_usb_pstdfunction.o
                0x00007df4                usb_pdriver_init
 .text.usb_pstd_stand_req0
                0x00007ee8       0x80 ./ra/fsp/src/r_usb_basic/src/driver/r_usb_pstdrequest.o
                0x00007ee8                usb_pstd_stand_req0
 .text.usb_pstd_stand_req1
                0x00007f68      0x274 ./ra/fsp/src/r_usb_basic/src/driver/r_usb_pstdrequest.o
                0x00007f68                usb_pstd_stand_req1
 .text.usb_pstd_stand_req2
                0x000081dc        0x4 ./ra/fsp/src/r_usb_basic/src/driver/r_usb_pstdrequest.o
                0x000081dc                usb_pstd_stand_req2
 .text.usb_pstd_stand_req3
                0x000081e0      0x340 ./ra/fsp/src/r_usb_basic/src/driver/r_usb_pstdrequest.o
                0x000081e0                usb_pstd_stand_req3
 .text.usb_pstd_stand_req4
                0x00008520       0xc4 ./ra/fsp/src/r_usb_basic/src/driver/r_usb_pstdrequest.o
                0x00008520                usb_pstd_stand_req4
 .text.usb_pstd_stand_req5
                0x000085e4       0xa8 ./ra/fsp/src/r_usb_basic/src/driver/r_usb_pstdrequest.o
                0x000085e4                usb_pstd_stand_req5
 .text.usb_peri_class_request_rss
                0x0000868c       0x54 ./ra/fsp/src/r_usb_basic/src/driver/r_usb_pstdrequest.o
                0x0000868c                usb_peri_class_request_rss
 .text.usb_peri_class_request_wss
                0x000086e0       0x60 ./ra/fsp/src/r_usb_basic/src/driver/r_usb_pstdrequest.o
                0x000086e0                usb_peri_class_request_wss
 .text.usb_peri_class_request
                0x00008740       0xec ./ra/fsp/src/r_usb_basic/src/driver/r_usb_pstdrequest.o
                0x00008740                usb_peri_class_request
 .text.R_USB_Open
                0x0000882c      0x124 ./ra/fsp/src/r_usb_basic/r_usb_basic.o
                0x0000882c                R_USB_Open
 .text.R_USB_InfoGet
                0x00008950       0xb8 ./ra/fsp/src/r_usb_basic/r_usb_basic.o
                0x00008950                R_USB_InfoGet
 .text.R_USB_Write
                0x00008a08       0x58 ./ra/fsp/src/r_usb_basic/r_usb_basic.o
                0x00008a08                R_USB_Write
 .text.r_spi_write_read_common
                0x00008a60      0x1b4 ./ra/fsp/src/r_spi/r_spi.o
 .text.R_SPI_Write
                0x00008c14       0x14 ./ra/fsp/src/r_spi/r_spi.o
                0x00008c14                R_SPI_Write
 .text.R_SPI_WriteRead
                0x00008c28       0x10 ./ra/fsp/src/r_spi/r_spi.o
                0x00008c28                R_SPI_WriteRead
 .text.r_spi_call_callback
                0x00008c38       0x40 ./ra/fsp/src/r_spi/r_spi.o
 .text.R_SPI_Open
                0x00008c78      0x30c ./ra/fsp/src/r_spi/r_spi.o
                0x00008c78                R_SPI_Open
 .text.spi_rxi_isr
                0x00008f84       0x98 ./ra/fsp/src/r_spi/r_spi.o
                0x00008f84                spi_rxi_isr
 .text.spi_txi_isr
                0x0000901c       0xd8 ./ra/fsp/src/r_spi/r_spi.o
                0x0000901c                spi_txi_isr
 .text.spi_tei_isr
                0x000090f4       0xe8 ./ra/fsp/src/r_spi/r_spi.o
                0x000090f4                spi_tei_isr
 .text.spi_eri_isr
                0x000091dc       0xe4 ./ra/fsp/src/r_spi/r_spi.o
                0x000091dc                spi_eri_isr
 .text.R_SCI_UART_Write
                0x000092c0       0x50 ./ra/fsp/src/r_sci_uart/r_sci_uart.o
                0x000092c0                R_SCI_UART_Write
 .text.R_SCI_UART_BaudSet
                0x00009310       0x50 ./ra/fsp/src/r_sci_uart/r_sci_uart.o
                0x00009310                R_SCI_UART_BaudSet
 .text.r_sci_uart_call_callback
                0x00009360       0x44 ./ra/fsp/src/r_sci_uart/r_sci_uart.o
 .text.R_SCI_UART_Open
                0x000093a4      0x398 ./ra/fsp/src/r_sci_uart/r_sci_uart.o
                0x000093a4                R_SCI_UART_Open
 .text.R_SCI_UART_BaudCalculate
                0x0000973c      0x1e4 ./ra/fsp/src/r_sci_uart/r_sci_uart.o
                0x0000973c                R_SCI_UART_BaudCalculate
 .text.sci_uart_txi_isr
                0x00009920       0x8c ./ra/fsp/src/r_sci_uart/r_sci_uart.o
                0x00009920                sci_uart_txi_isr
 .text.sci_uart_rxi_isr
                0x000099ac       0x90 ./ra/fsp/src/r_sci_uart/r_sci_uart.o
                0x000099ac                sci_uart_rxi_isr
 .text.sci_uart_tei_isr
                0x00009a3c       0x48 ./ra/fsp/src/r_sci_uart/r_sci_uart.o
                0x00009a3c                sci_uart_tei_isr
 .text.sci_uart_eri_isr
                0x00009a84       0x78 ./ra/fsp/src/r_sci_uart/r_sci_uart.o
                0x00009a84                sci_uart_eri_isr
 .text.R_RTC_InfoGet
                0x00009afc       0x1c ./ra/fsp/src/r_rtc/r_rtc.o
                0x00009afc                R_RTC_InfoGet
 .text.r_rtc_set_clock_source
                0x00009b18       0x9c ./ra/fsp/src/r_rtc/r_rtc.o
 .text.R_RTC_ClockSourceSet
                0x00009bb4        0xc ./ra/fsp/src/r_rtc/r_rtc.o
                0x00009bb4                R_RTC_ClockSourceSet
 .text.R_RTC_CalendarTimeGet
                0x00009bc0      0x170 ./ra/fsp/src/r_rtc/r_rtc.o
                0x00009bc0                R_RTC_CalendarTimeGet
 .text.R_RTC_Open
                0x00009d30       0xb4 ./ra/fsp/src/r_rtc/r_rtc.o
                0x00009d30                R_RTC_Open
 .text.r_rtc_error_adjustment_set.isra.0
                0x00009de4       0x84 ./ra/fsp/src/r_rtc/r_rtc.o
 .text.R_RTC_CalendarTimeSet
                0x00009e68      0x134 ./ra/fsp/src/r_rtc/r_rtc.o
                0x00009e68                R_RTC_CalendarTimeSet
 .text.rtc_carry_isr
                0x00009f9c       0x30 ./ra/fsp/src/r_rtc/r_rtc.o
                0x00009f9c                rtc_carry_isr
 .text.R_IOPORT_Close
                0x00009fcc        0x8 ./ra/fsp/src/r_ioport/r_ioport.o
                0x00009fcc                R_IOPORT_Close
 .text.R_IOPORT_PinRead
                0x00009fd4       0x1c ./ra/fsp/src/r_ioport/r_ioport.o
                0x00009fd4                R_IOPORT_PinRead
 .text.R_IOPORT_PortRead
                0x00009ff0       0x14 ./ra/fsp/src/r_ioport/r_ioport.o
                0x00009ff0                R_IOPORT_PortRead
 .text.R_IOPORT_PortWrite
                0x0000a004       0x1c ./ra/fsp/src/r_ioport/r_ioport.o
                0x0000a004                R_IOPORT_PortWrite
 .text.R_IOPORT_PinWrite
                0x0000a020       0x24 ./ra/fsp/src/r_ioport/r_ioport.o
                0x0000a020                R_IOPORT_PinWrite
 .text.R_IOPORT_PortDirectionSet
                0x0000a044       0x28 ./ra/fsp/src/r_ioport/r_ioport.o
                0x0000a044                R_IOPORT_PortDirectionSet
 .text.R_IOPORT_PortEventInputRead
                0x0000a06c       0x18 ./ra/fsp/src/r_ioport/r_ioport.o
                0x0000a06c                R_IOPORT_PortEventInputRead
 .text.R_IOPORT_PinEventInputRead
                0x0000a084       0x28 ./ra/fsp/src/r_ioport/r_ioport.o
                0x0000a084                R_IOPORT_PinEventInputRead
 .text.R_IOPORT_PortEventOutputWrite
                0x0000a0ac       0x1c ./ra/fsp/src/r_ioport/r_ioport.o
                0x0000a0ac                R_IOPORT_PortEventOutputWrite
 .text.R_IOPORT_PinEventOutputWrite
                0x0000a0c8       0x30 ./ra/fsp/src/r_ioport/r_ioport.o
                0x0000a0c8                R_IOPORT_PinEventOutputWrite
 .text.bsp_vbatt_init
                0x0000a0f8       0x7c ./ra/fsp/src/r_ioport/r_ioport.o
 .text.r_ioport_pins_config
                0x0000a174       0xac ./ra/fsp/src/r_ioport/r_ioport.o
 .text.R_IOPORT_Open
                0x0000a220       0x14 ./ra/fsp/src/r_ioport/r_ioport.o
                0x0000a220                R_IOPORT_Open
 .text.R_IOPORT_PinsCfg
                0x0000a234        0xc ./ra/fsp/src/r_ioport/r_ioport.o
                0x0000a234                R_IOPORT_PinsCfg
 .text.R_IOPORT_PinCfg
                0x0000a240       0xa8 ./ra/fsp/src/r_ioport/r_ioport.o
                0x0000a240                R_IOPORT_PinCfg
 .text.flash_hp_init
                0x0000a2e8      0x104 ./ra/fsp/src/r_flash_hp/r_flash_hp.o
 .text.flash_hp_write_data.constprop.0
                0x0000a3ec       0xcc ./ra/fsp/src/r_flash_hp/r_flash_hp.o
 .text.R_FLASH_HP_Open
                0x0000a4b8       0xec ./ra/fsp/src/r_flash_hp/r_flash_hp.o
                0x0000a4b8                R_FLASH_HP_Open
 .text.flash_hp_enter_pe_df_mode
                0x0000a5a4       0xcc ./ra/fsp/src/r_flash_hp/r_flash_hp.o
 .text.R_FLASH_HP_Erase
                0x0000a670      0x16c ./ra/fsp/src/r_flash_hp/r_flash_hp.o
                0x0000a670                R_FLASH_HP_Erase
 .text.R_FLASH_HP_Write
                0x0000a7dc      0x120 ./ra/fsp/src/r_flash_hp/r_flash_hp.o
                0x0000a7dc                R_FLASH_HP_Write
 .text.SystemCoreClockUpdate
                0x0000a8fc       0x28 ./ra/fsp/src/bsp/mcu/all/bsp_clocks.o
                0x0000a8fc                SystemCoreClockUpdate
 .text.bsp_clock_init
                0x0000a924      0x114 ./ra/fsp/src/bsp/mcu/all/bsp_clocks.o
                0x0000a924                bsp_clock_init
 .text.bsp_init_internal
                0x0000aa38        0x4 ./ra/fsp/src/bsp/mcu/all/bsp_common.o
                0x0000aa38                bsp_init_internal
                0x0000aa38                bsp_init
 .text.__assert_func
                0x0000aa3c        0x4 ./ra/fsp/src/bsp/mcu/all/bsp_common.o
                0x0000aa3c                __assert_func
 .text.bsp_prv_software_delay_loop
                0x0000aa40        0xc ./ra/fsp/src/bsp/mcu/all/bsp_delay.o
                0x0000aa40                bsp_prv_software_delay_loop
 .text.R_BSP_SoftwareDelay
                0x0000aa4c       0x50 ./ra/fsp/src/bsp/mcu/all/bsp_delay.o
                0x0000aa4c                R_BSP_SoftwareDelay
 .text.NMI_Handler
                0x0000aa9c       0x38 ./ra/fsp/src/bsp/mcu/all/bsp_group_irq.o
                0x0000aa9c                NMI_Handler
 .text.bsp_irq_cfg
                0x0000aad4       0x28 ./ra/fsp/src/bsp/mcu/all/bsp_irq.o
                0x0000aad4                bsp_irq_cfg
 .text.R_BSP_RegisterProtectEnable
                0x0000aafc       0x60 ./ra/fsp/src/bsp/mcu/all/bsp_register_protection.o
                0x0000aafc                R_BSP_RegisterProtectEnable
 .text.R_BSP_RegisterProtectDisable
                0x0000ab5c       0x54 ./ra/fsp/src/bsp/mcu/all/bsp_register_protection.o
                0x0000ab5c                R_BSP_RegisterProtectDisable
 .text._sbrk    0x0000abb0       0x3c ./ra/fsp/src/bsp/mcu/all/bsp_sbrk.o
                0x0000abb0                _sbrk
 .text.Default_Handler
                0x0000abec        0x4 ./ra/fsp/src/bsp/cmsis/Device/RENESAS/Source/startup.o
                0x0000abec                HardFault_Handler